17:10:39 **** Incremental Build of configuration Debug for project MultiBox_Klimasteuerung ****
make all 
'Building file: ../Application/User/Main/PanasonicAC_IR.c'
'Invoking: MCU GCC Compiler'
C:\Users\lzhang\Workspace\MultiBox_KlimaKSB\SW4STM32_Workspace - 3\MultiBox_Klimasteuerung\Debug
arm-none-eabi-gcc -mcpu=cortex-m7 -mthumb -mfloat-abi=hard -mfpu=fpv5-sp-d16 -DUSE_HAL_DRIVER -DSTM32F746xx -DUSE_STM32746G_DISCOVERY -I"C:/Users/lzhang/Workspace/MultiBox_KlimaKSB/SW4STM32_Workspace - 3/MultiBox_Klimasteuerung/Application/User/Driver/AdapterBoard" -I"C:/Users/lzhang/Workspace/MultiBox_KlimaKSB/SW4STM32_Workspace - 3/MultiBox_Klimasteuerung/Application/User/Driver/Click boards" -I"C:/Users/lzhang/Workspace/MultiBox_KlimaKSB/SW4STM32_Workspace - 3/MultiBox_Klimasteuerung/Application/User/Driver/Communication" -I"C:/Users/lzhang/Workspace/MultiBox_KlimaKSB/SW4STM32_Workspace - 3/MultiBox_Klimasteuerung/Application/User/Driver/SD-Card" -I"C:/Users/lzhang/Workspace/MultiBox_KlimaKSB/SW4STM32_Workspace - 3/MultiBox_Klimasteuerung/Application/User/GUI-Interface/Dialogs" -I"C:/Users/lzhang/Workspace/MultiBox_KlimaKSB/SW4STM32_Workspace - 3/MultiBox_Klimasteuerung/Application/User/GUI-Interface/Header" -I"C:/Users/lzhang/Workspace/MultiBox_KlimaKSB/SW4STM32_Workspace - 3/MultiBox_Klimasteuerung/Application/User/GUI-Interface/Icons" -I"C:/Users/lzhang/Workspace/MultiBox_KlimaKSB/SW4STM32_Workspace - 3/MultiBox_Klimasteuerung/Application/User/GUI-Interface/Layout" -I"C:/Users/lzhang/Workspace/MultiBox_KlimaKSB/SW4STM32_Workspace - 3/MultiBox_Klimasteuerung/Application/User/GUI-Interface/Loading Screen" -I"C:/Users/lzhang/Workspace/MultiBox_KlimaKSB/SW4STM32_Workspace - 3/MultiBox_Klimasteuerung/Application/User/GUI-Interface/Menu" -I"C:/Users/lzhang/Workspace/MultiBox_KlimaKSB/SW4STM32_Workspace - 3/MultiBox_Klimasteuerung/Application/User/GUI-Interface" -I"C:/Users/lzhang/Workspace/MultiBox_KlimaKSB/SW4STM32_Workspace - 3/MultiBox_Klimasteuerung/Application/User/Main/STemWin-Conf" -I"C:/Users/lzhang/Workspace/MultiBox_KlimaKSB/SW4STM32_Workspace - 3/MultiBox_Klimasteuerung/Application/User/Main" -I"C:/Users/lzhang/Workspace/MultiBox_KlimaKSB/SW4STM32_Workspace - 3/MultiBox_Klimasteuerung/Application/User/Memory/Data" -I"C:/Users/lzhang/Workspace/MultiBox_KlimaKSB/SW4STM32_Workspace - 3/MultiBox_Klimasteuerung/Application/User/Memory/Lookup" -I"C:/Users/lzhang/Workspace/MultiBox_KlimaKSB/SW4STM32_Workspace - 3/MultiBox_Klimasteuerung/Application/User/Memory/Parameter" -I"C:/Users/lzhang/Workspace/MultiBox_KlimaKSB/SW4STM32_Workspace - 3/MultiBox_Klimasteuerung/Application/User/Memory/RingMemory" -I"C:/Users/lzhang/Workspace/MultiBox_KlimaKSB/SW4STM32_Workspace - 3/MultiBox_Klimasteuerung/Application/User/Project/Pages" -I"C:/Users/lzhang/Workspace/MultiBox_KlimaKSB/SW4STM32_Workspace - 3/MultiBox_Klimasteuerung/Application/User/Project" -I"C:/Users/lzhang/Workspace/MultiBox_KlimaKSB/SW4STM32_Workspace - 3/MultiBox_Klimasteuerung/Drivers/BSP/Components/ft5336" -I"C:/Users/lzhang/Workspace/MultiBox_KlimaKSB/SW4STM32_Workspace - 3/MultiBox_Klimasteuerung/Application/User/Memory" -I"C:/Users/lzhang/Workspace/MultiBox_KlimaKSB/SW4STM32_Workspace - 3/MultiBox_Klimasteuerung/Application/User/Driver" -I"C:/Users/lzhang/Workspace/MultiBox_KlimaKSB/SW4STM32_Workspace - 3/MultiBox_Klimasteuerung/Application/User/Driver/1Wire-Devices" -I"C:/Users/lzhang/Workspace/MultiBox_KlimaKSB/SW4STM32_Workspace - 3/MultiBox_Klimasteuerung/Application/User/Firmware" -I"C:/Users/lzhang/Workspace/MultiBox_KlimaKSB/SW4STM32_Workspace - 3/MultiBox_Klimasteuerung/Application/User/Firmware/Functions" -I"C:/Users/lzhang/Workspace/MultiBox_KlimaKSB/SW4STM32_Workspace - 3/MultiBox_Klimasteuerung/Application/User/Firmware/Pages" -I"C:/Users/lzhang/Workspace/MultiBox_KlimaKSB/SW4STM32_Workspace - 3/MultiBox_Klimasteuerung/Application/User/Driver/RTC" -I"C:/Users/lzhang/Workspace/MultiBox_KlimaKSB/STM32Cube_FW_F7_AKT/Drivers/CMSIS/Device/ST/STM32F7xx/Include" -I"C:/Users/lzhang/Workspace/MultiBox_KlimaKSB/STM32Cube_FW_F7_AKT/Drivers/CMSIS/Include" -I"C:/Users/lzhang/Workspace/MultiBox_KlimaKSB/STM32Cube_FW_F7_AKT/Drivers/STM32F7xx_HAL_Driver/Inc" -I"C:/Users/lzhang/Workspace/MultiBox_KlimaKSB/STM32Cube_FW_F7_AKT/Drivers/BSP/STM32746G-Discovery" -I"C:/Users/lzhang/Workspace/MultiBox_KlimaKSB/STM32Cube_FW_F7_AKT/Drivers/BSP/Components/Common" -I"C:/Users/lzhang/Workspace/MultiBox_KlimaKSB/STM32Cube_FW_F7_AKT/Drivers/BSP/Components" -I"C:/Users/lzhang/Workspace/MultiBox_KlimaKSB/STM32Cube_FW_F7_AKT/Middlewares/ST/STemWin/inc" -I"C:/Users/lzhang/Workspace/MultiBox_KlimaKSB/STM32Cube_FW_F7_AKT/Utilities" -I"C:/Users/lzhang/Workspace/MultiBox_KlimaKSB/STM32Cube_FW_F7_AKT/Utilities/Fonts" -I"C:/Users/lzhang/Workspace/MultiBox_KlimaKSB/STM32Cube_FW_F7_AKT/Middlewares/Third_Party/FatFs/src" -I"C:/Users/lzhang/Workspace/MultiBox_KlimaKSB/STM32Cube_FW_F7_AKT/Middlewares/Third_Party/FatFs/src/drivers"  -O0 -g3 -Wall -fmessage-length=0 -ffunction-sections -c -fmessage-length=0 -MMD -MP -MF"Application/User/Main/PanasonicAC_IR.d" -MT"Application/User/Main/PanasonicAC_IR.o" -o "Application/User/Main/PanasonicAC_IR.o" "../Application/User/Main/PanasonicAC_IR.c"
In file included from C:/Users/lzhang/Workspace/MultiBox_KlimaKSB/SW4STM32_Workspace - 3/MultiBox_Klimasteuerung/Application/User/Driver/Click boards/Clickboards_Conf.h:10:0,
                 from C:/Users/lzhang/Workspace/MultiBox_KlimaKSB/SW4STM32_Workspace - 3/MultiBox_Klimasteuerung/Application/User/Driver/Click boards/IRclick.h:4,
                 from ../Application/User/Main/PanasonicAC_IR.c:3:
C:/Users/lzhang/Workspace/MultiBox_KlimaKSB/SW4STM32_Workspace - 3/MultiBox_Klimasteuerung/Application/User/Driver/AdapterBoard/AdapterBoard_MikrobusSocket.h:41:32: warning: 'MB_Array' defined but not used [-Wunused-variable]
 static struct MikrobusSocket * MB_Array[8] = {&MB1,&MB2,&MB3,&MB4,&MB5,&MB6,&MB7,&MB8};
                                ^
In file included from C:/Users/lzhang/Workspace/MultiBox_KlimaKSB/SW4STM32_Workspace - 3/MultiBox_Klimasteuerung/Application/User/GUI-Interface/Menu/MenuView.h:26:0,
                 from C:/Users/lzhang/Workspace/MultiBox_KlimaKSB/SW4STM32_Workspace - 3/MultiBox_Klimasteuerung/Application/User/GUI-Interface/GUIControl.h:18,
                 from C:/Users/lzhang/Workspace/MultiBox_KlimaKSB/SW4STM32_Workspace - 3/MultiBox_Klimasteuerung/Application/User/GUI-Interface/Dialogs/Parameters_Edit.h:9,
                 from C:/Users/lzhang/Workspace/MultiBox_KlimaKSB/SW4STM32_Workspace - 3/MultiBox_Klimasteuerung/Application/User/Memory/Parameter/Parameter.h:8,
                 from C:/Users/lzhang/Workspace/MultiBox_KlimaKSB/SW4STM32_Workspace - 3/MultiBox_Klimasteuerung/Application/User/Memory/RingMemory/RingMemory.h:8,
                 from C:/Users/lzhang/Workspace/MultiBox_KlimaKSB/SW4STM32_Workspace - 3/MultiBox_Klimasteuerung/Application/User/Memory/MemoryStructures.h:4,
                 from C:/Users/lzhang/Workspace/MultiBox_KlimaKSB/SW4STM32_Workspace - 3/MultiBox_Klimasteuerung/Application/User/Driver/AdapterBoard/AdapterBoard_MCUExt.h:5,
                 from C:/Users/lzhang/Workspace/MultiBox_KlimaKSB/SW4STM32_Workspace - 3/MultiBox_Klimasteuerung/Application/User/Driver/Click boards/Clickboards_Conf.h:11,
                 from C:/Users/lzhang/Workspace/MultiBox_KlimaKSB/SW4STM32_Workspace - 3/MultiBox_Klimasteuerung/Application/User/Driver/Click boards/IRclick.h:4,
                 from ../Application/User/Main/PanasonicAC_IR.c:3:
C:/Users/lzhang/Workspace/MultiBox_KlimaKSB/SW4STM32_Workspace - 3/MultiBox_Klimasteuerung/Application/User/GUI-Interface/Header/Navigationpanel.h:42:31: warning: 'aDialogCreate_Header' defined but not used [-Wunused-variable]
 static GUI_WIDGET_CREATE_INFO aDialogCreate_Header[2+HEADER_MAX_ELEMENTS] = {
                               ^
'Finished building: ../Application/User/Main/PanasonicAC_IR.c'
' '
'Building file: ../Application/User/Main/temperature_control.c'
'Invoking: MCU GCC Compiler'
C:\Users\lzhang\Workspace\MultiBox_KlimaKSB\SW4STM32_Workspace - 3\MultiBox_Klimasteuerung\Debug
arm-none-eabi-gcc -mcpu=cortex-m7 -mthumb -mfloat-abi=hard -mfpu=fpv5-sp-d16 -DUSE_HAL_DRIVER -DSTM32F746xx -DUSE_STM32746G_DISCOVERY -I"C:/Users/lzhang/Workspace/MultiBox_KlimaKSB/SW4STM32_Workspace - 3/MultiBox_Klimasteuerung/Application/User/Driver/AdapterBoard" -I"C:/Users/lzhang/Workspace/MultiBox_KlimaKSB/SW4STM32_Workspace - 3/MultiBox_Klimasteuerung/Application/User/Driver/Click boards" -I"C:/Users/lzhang/Workspace/MultiBox_KlimaKSB/SW4STM32_Workspace - 3/MultiBox_Klimasteuerung/Application/User/Driver/Communication" -I"C:/Users/lzhang/Workspace/MultiBox_KlimaKSB/SW4STM32_Workspace - 3/MultiBox_Klimasteuerung/Application/User/Driver/SD-Card" -I"C:/Users/lzhang/Workspace/MultiBox_KlimaKSB/SW4STM32_Workspace - 3/MultiBox_Klimasteuerung/Application/User/GUI-Interface/Dialogs" -I"C:/Users/lzhang/Workspace/MultiBox_KlimaKSB/SW4STM32_Workspace - 3/MultiBox_Klimasteuerung/Application/User/GUI-Interface/Header" -I"C:/Users/lzhang/Workspace/MultiBox_KlimaKSB/SW4STM32_Workspace - 3/MultiBox_Klimasteuerung/Application/User/GUI-Interface/Icons" -I"C:/Users/lzhang/Workspace/MultiBox_KlimaKSB/SW4STM32_Workspace - 3/MultiBox_Klimasteuerung/Application/User/GUI-Interface/Layout" -I"C:/Users/lzhang/Workspace/MultiBox_KlimaKSB/SW4STM32_Workspace - 3/MultiBox_Klimasteuerung/Application/User/GUI-Interface/Loading Screen" -I"C:/Users/lzhang/Workspace/MultiBox_KlimaKSB/SW4STM32_Workspace - 3/MultiBox_Klimasteuerung/Application/User/GUI-Interface/Menu" -I"C:/Users/lzhang/Workspace/MultiBox_KlimaKSB/SW4STM32_Workspace - 3/MultiBox_Klimasteuerung/Application/User/GUI-Interface" -I"C:/Users/lzhang/Workspace/MultiBox_KlimaKSB/SW4STM32_Workspace - 3/MultiBox_Klimasteuerung/Application/User/Main/STemWin-Conf" -I"C:/Users/lzhang/Workspace/MultiBox_KlimaKSB/SW4STM32_Workspace - 3/MultiBox_Klimasteuerung/Application/User/Main" -I"C:/Users/lzhang/Workspace/MultiBox_KlimaKSB/SW4STM32_Workspace - 3/MultiBox_Klimasteuerung/Application/User/Memory/Data" -I"C:/Users/lzhang/Workspace/MultiBox_KlimaKSB/SW4STM32_Workspace - 3/MultiBox_Klimasteuerung/Application/User/Memory/Lookup" -I"C:/Users/lzhang/Workspace/MultiBox_KlimaKSB/SW4STM32_Workspace - 3/MultiBox_Klimasteuerung/Application/User/Memory/Parameter" -I"C:/Users/lzhang/Workspace/MultiBox_KlimaKSB/SW4STM32_Workspace - 3/MultiBox_Klimasteuerung/Application/User/Memory/RingMemory" -I"C:/Users/lzhang/Workspace/MultiBox_KlimaKSB/SW4STM32_Workspace - 3/MultiBox_Klimasteuerung/Application/User/Project/Pages" -I"C:/Users/lzhang/Workspace/MultiBox_KlimaKSB/SW4STM32_Workspace - 3/MultiBox_Klimasteuerung/Application/User/Project" -I"C:/Users/lzhang/Workspace/MultiBox_KlimaKSB/SW4STM32_Workspace - 3/MultiBox_Klimasteuerung/Drivers/BSP/Components/ft5336" -I"C:/Users/lzhang/Workspace/MultiBox_KlimaKSB/SW4STM32_Workspace - 3/MultiBox_Klimasteuerung/Application/User/Memory" -I"C:/Users/lzhang/Workspace/MultiBox_KlimaKSB/SW4STM32_Workspace - 3/MultiBox_Klimasteuerung/Application/User/Driver" -I"C:/Users/lzhang/Workspace/MultiBox_KlimaKSB/SW4STM32_Workspace - 3/MultiBox_Klimasteuerung/Application/User/Driver/1Wire-Devices" -I"C:/Users/lzhang/Workspace/MultiBox_KlimaKSB/SW4STM32_Workspace - 3/MultiBox_Klimasteuerung/Application/User/Firmware" -I"C:/Users/lzhang/Workspace/MultiBox_KlimaKSB/SW4STM32_Workspace - 3/MultiBox_Klimasteuerung/Application/User/Firmware/Functions" -I"C:/Users/lzhang/Workspace/MultiBox_KlimaKSB/SW4STM32_Workspace - 3/MultiBox_Klimasteuerung/Application/User/Firmware/Pages" -I"C:/Users/lzhang/Workspace/MultiBox_KlimaKSB/SW4STM32_Workspace - 3/MultiBox_Klimasteuerung/Application/User/Driver/RTC" -I"C:/Users/lzhang/Workspace/MultiBox_KlimaKSB/STM32Cube_FW_F7_AKT/Drivers/CMSIS/Device/ST/STM32F7xx/Include" -I"C:/Users/lzhang/Workspace/MultiBox_KlimaKSB/STM32Cube_FW_F7_AKT/Drivers/CMSIS/Include" -I"C:/Users/lzhang/Workspace/MultiBox_KlimaKSB/STM32Cube_FW_F7_AKT/Drivers/STM32F7xx_HAL_Driver/Inc" -I"C:/Users/lzhang/Workspace/MultiBox_KlimaKSB/STM32Cube_FW_F7_AKT/Drivers/BSP/STM32746G-Discovery" -I"C:/Users/lzhang/Workspace/MultiBox_KlimaKSB/STM32Cube_FW_F7_AKT/Drivers/BSP/Components/Common" -I"C:/Users/lzhang/Workspace/MultiBox_KlimaKSB/STM32Cube_FW_F7_AKT/Drivers/BSP/Components" -I"C:/Users/lzhang/Workspace/MultiBox_KlimaKSB/STM32Cube_FW_F7_AKT/Middlewares/ST/STemWin/inc" -I"C:/Users/lzhang/Workspace/MultiBox_KlimaKSB/STM32Cube_FW_F7_AKT/Utilities" -I"C:/Users/lzhang/Workspace/MultiBox_KlimaKSB/STM32Cube_FW_F7_AKT/Utilities/Fonts" -I"C:/Users/lzhang/Workspace/MultiBox_KlimaKSB/STM32Cube_FW_F7_AKT/Middlewares/Third_Party/FatFs/src" -I"C:/Users/lzhang/Workspace/MultiBox_KlimaKSB/STM32Cube_FW_F7_AKT/Middlewares/Third_Party/FatFs/src/drivers"  -O0 -g3 -Wall -fmessage-length=0 -ffunction-sections -c -fmessage-length=0 -MMD -MP -MF"Application/User/Main/temperature_control.d" -MT"Application/User/Main/temperature_control.o" -o "Application/User/Main/temperature_control.o" "../Application/User/Main/temperature_control.c"
In file included from ../Application/User/Main/temperature_control.c:16:0:
C:/Users/lzhang/Workspace/MultiBox_KlimaKSB/SW4STM32_Workspace - 3/MultiBox_Klimasteuerung/Application/User/Driver/Click boards/DMXclickBoard.h:38:29: warning: 'struct clickBoard' declared inside parameter list
 void DMXclick_Select(struct clickBoard * Board);
                             ^
C:/Users/lzhang/Workspace/MultiBox_KlimaKSB/SW4STM32_Workspace - 3/MultiBox_Klimasteuerung/Application/User/Driver/Click boards/DMXclickBoard.h:38:29: warning: its scope is only this definition or declaration, which is probably not what you want
'Finished building: ../Application/User/Main/temperature_control.c'
' '
'Building file: ../Application/User/Firmware/Firmware_ProcessControl.c'
'Invoking: MCU GCC Compiler'
C:\Users\lzhang\Workspace\MultiBox_KlimaKSB\SW4STM32_Workspace - 3\MultiBox_Klimasteuerung\Debug
arm-none-eabi-gcc -mcpu=cortex-m7 -mthumb -mfloat-abi=hard -mfpu=fpv5-sp-d16 -DUSE_HAL_DRIVER -DSTM32F746xx -DUSE_STM32746G_DISCOVERY -I"C:/Users/lzhang/Workspace/MultiBox_KlimaKSB/SW4STM32_Workspace - 3/MultiBox_Klimasteuerung/Application/User/Driver/AdapterBoard" -I"C:/Users/lzhang/Workspace/MultiBox_KlimaKSB/SW4STM32_Workspace - 3/MultiBox_Klimasteuerung/Application/User/Driver/Click boards" -I"C:/Users/lzhang/Workspace/MultiBox_KlimaKSB/SW4STM32_Workspace - 3/MultiBox_Klimasteuerung/Application/User/Driver/Communication" -I"C:/Users/lzhang/Workspace/MultiBox_KlimaKSB/SW4STM32_Workspace - 3/MultiBox_Klimasteuerung/Application/User/Driver/SD-Card" -I"C:/Users/lzhang/Workspace/MultiBox_KlimaKSB/SW4STM32_Workspace - 3/MultiBox_Klimasteuerung/Application/User/GUI-Interface/Dialogs" -I"C:/Users/lzhang/Workspace/MultiBox_KlimaKSB/SW4STM32_Workspace - 3/MultiBox_Klimasteuerung/Application/User/GUI-Interface/Header" -I"C:/Users/lzhang/Workspace/MultiBox_KlimaKSB/SW4STM32_Workspace - 3/MultiBox_Klimasteuerung/Application/User/GUI-Interface/Icons" -I"C:/Users/lzhang/Workspace/MultiBox_KlimaKSB/SW4STM32_Workspace - 3/MultiBox_Klimasteuerung/Application/User/GUI-Interface/Layout" -I"C:/Users/lzhang/Workspace/MultiBox_KlimaKSB/SW4STM32_Workspace - 3/MultiBox_Klimasteuerung/Application/User/GUI-Interface/Loading Screen" -I"C:/Users/lzhang/Workspace/MultiBox_KlimaKSB/SW4STM32_Workspace - 3/MultiBox_Klimasteuerung/Application/User/GUI-Interface/Menu" -I"C:/Users/lzhang/Workspace/MultiBox_KlimaKSB/SW4STM32_Workspace - 3/MultiBox_Klimasteuerung/Application/User/GUI-Interface" -I"C:/Users/lzhang/Workspace/MultiBox_KlimaKSB/SW4STM32_Workspace - 3/MultiBox_Klimasteuerung/Application/User/Main/STemWin-Conf" -I"C:/Users/lzhang/Workspace/MultiBox_KlimaKSB/SW4STM32_Workspace - 3/MultiBox_Klimasteuerung/Application/User/Main" -I"C:/Users/lzhang/Workspace/MultiBox_KlimaKSB/SW4STM32_Workspace - 3/MultiBox_Klimasteuerung/Application/User/Memory/Data" -I"C:/Users/lzhang/Workspace/MultiBox_KlimaKSB/SW4STM32_Workspace - 3/MultiBox_Klimasteuerung/Application/User/Memory/Lookup" -I"C:/Users/lzhang/Workspace/MultiBox_KlimaKSB/SW4STM32_Workspace - 3/MultiBox_Klimasteuerung/Application/User/Memory/Parameter" -I"C:/Users/lzhang/Workspace/MultiBox_KlimaKSB/SW4STM32_Workspace - 3/MultiBox_Klimasteuerung/Application/User/Memory/RingMemory" -I"C:/Users/lzhang/Workspace/MultiBox_KlimaKSB/SW4STM32_Workspace - 3/MultiBox_Klimasteuerung/Application/User/Project/Pages" -I"C:/Users/lzhang/Workspace/MultiBox_KlimaKSB/SW4STM32_Workspace - 3/MultiBox_Klimasteuerung/Application/User/Project" -I"C:/Users/lzhang/Workspace/MultiBox_KlimaKSB/SW4STM32_Workspace - 3/MultiBox_Klimasteuerung/Drivers/BSP/Components/ft5336" -I"C:/Users/lzhang/Workspace/MultiBox_KlimaKSB/SW4STM32_Workspace - 3/MultiBox_Klimasteuerung/Application/User/Memory" -I"C:/Users/lzhang/Workspace/MultiBox_KlimaKSB/SW4STM32_Workspace - 3/MultiBox_Klimasteuerung/Application/User/Driver" -I"C:/Users/lzhang/Workspace/MultiBox_KlimaKSB/SW4STM32_Workspace - 3/MultiBox_Klimasteuerung/Application/User/Driver/1Wire-Devices" -I"C:/Users/lzhang/Workspace/MultiBox_KlimaKSB/SW4STM32_Workspace - 3/MultiBox_Klimasteuerung/Application/User/Firmware" -I"C:/Users/lzhang/Workspace/MultiBox_KlimaKSB/SW4STM32_Workspace - 3/MultiBox_Klimasteuerung/Application/User/Firmware/Functions" -I"C:/Users/lzhang/Workspace/MultiBox_KlimaKSB/SW4STM32_Workspace - 3/MultiBox_Klimasteuerung/Application/User/Firmware/Pages" -I"C:/Users/lzhang/Workspace/MultiBox_KlimaKSB/SW4STM32_Workspace - 3/MultiBox_Klimasteuerung/Application/User/Driver/RTC" -I"C:/Users/lzhang/Workspace/MultiBox_KlimaKSB/STM32Cube_FW_F7_AKT/Drivers/CMSIS/Device/ST/STM32F7xx/Include" -I"C:/Users/lzhang/Workspace/MultiBox_KlimaKSB/STM32Cube_FW_F7_AKT/Drivers/CMSIS/Include" -I"C:/Users/lzhang/Workspace/MultiBox_KlimaKSB/STM32Cube_FW_F7_AKT/Drivers/STM32F7xx_HAL_Driver/Inc" -I"C:/Users/lzhang/Workspace/MultiBox_KlimaKSB/STM32Cube_FW_F7_AKT/Drivers/BSP/STM32746G-Discovery" -I"C:/Users/lzhang/Workspace/MultiBox_KlimaKSB/STM32Cube_FW_F7_AKT/Drivers/BSP/Components/Common" -I"C:/Users/lzhang/Workspace/MultiBox_KlimaKSB/STM32Cube_FW_F7_AKT/Drivers/BSP/Components" -I"C:/Users/lzhang/Workspace/MultiBox_KlimaKSB/STM32Cube_FW_F7_AKT/Middlewares/ST/STemWin/inc" -I"C:/Users/lzhang/Workspace/MultiBox_KlimaKSB/STM32Cube_FW_F7_AKT/Utilities" -I"C:/Users/lzhang/Workspace/MultiBox_KlimaKSB/STM32Cube_FW_F7_AKT/Utilities/Fonts" -I"C:/Users/lzhang/Workspace/MultiBox_KlimaKSB/STM32Cube_FW_F7_AKT/Middlewares/Third_Party/FatFs/src" -I"C:/Users/lzhang/Workspace/MultiBox_KlimaKSB/STM32Cube_FW_F7_AKT/Middlewares/Third_Party/FatFs/src/drivers"  -O0 -g3 -Wall -fmessage-length=0 -ffunction-sections -c -fmessage-length=0 -MMD -MP -MF"Application/User/Firmware/Firmware_ProcessControl.d" -MT"Application/User/Firmware/Firmware_ProcessControl.o" -o "Application/User/Firmware/Firmware_ProcessControl.o" "../Application/User/Firmware/Firmware_ProcessControl.c"
../Application/User/Firmware/Firmware_ProcessControl.c: In function 'Firmware_ProcessLogic_WriteOutputs':
../Application/User/Firmware/Firmware_ProcessControl.c:198:17: warning: variable 'Nachricht' set but not used [-Wunused-but-set-variable]
         uint8_t Nachricht[8];
                 ^
In file included from C:/Users/lzhang/Workspace/MultiBox_KlimaKSB/SW4STM32_Workspace - 3/MultiBox_Klimasteuerung/Application/User/Driver/AdapterBoard/AdapterBoard_I2C_IOs.h:5:0,
                 from C:/Users/lzhang/Workspace/MultiBox_KlimaKSB/SW4STM32_Workspace - 3/MultiBox_Klimasteuerung/Application/User/Driver/Communication/1WIRE-Driver.h:70,
                 from C:/Users/lzhang/Workspace/MultiBox_KlimaKSB/SW4STM32_Workspace - 3/MultiBox_Klimasteuerung/Application/User/Driver/DriverConf.h:6,
                 from ../Application/User/Firmware/Firmware_ProcessControl.h:7,
                 from ../Application/User/Firmware/Firmware_ProcessControl.c:11:
../Application/User/Firmware/Firmware_ProcessControl.c: At top level:
C:/Users/lzhang/Workspace/MultiBox_KlimaKSB/SW4STM32_Workspace - 3/MultiBox_Klimasteuerung/Application/User/Driver/AdapterBoard/AdapterBoard_MikrobusSocket.h:41:32: warning: 'MB_Array' defined but not used [-Wunused-variable]
 static struct MikrobusSocket * MB_Array[8] = {&MB1,&MB2,&MB3,&MB4,&MB5,&MB6,&MB7,&MB8};
                                ^
In file included from C:/Users/lzhang/Workspace/MultiBox_KlimaKSB/SW4STM32_Workspace - 3/MultiBox_Klimasteuerung/Application/User/GUI-Interface/Menu/MenuView.h:26:0,
                 from C:/Users/lzhang/Workspace/MultiBox_KlimaKSB/SW4STM32_Workspace - 3/MultiBox_Klimasteuerung/Application/User/GUI-Interface/GUIControl.h:18,
                 from C:/Users/lzhang/Workspace/MultiBox_KlimaKSB/SW4STM32_Workspace - 3/MultiBox_Klimasteuerung/Application/User/GUI-Interface/Dialogs/Parameters_Edit.h:9,
                 from C:/Users/lzhang/Workspace/MultiBox_KlimaKSB/SW4STM32_Workspace - 3/MultiBox_Klimasteuerung/Application/User/Memory/Parameter/Parameter.h:8,
                 from C:/Users/lzhang/Workspace/MultiBox_KlimaKSB/SW4STM32_Workspace - 3/MultiBox_Klimasteuerung/Application/User/Memory/RingMemory/RingMemory.h:8,
                 from C:/Users/lzhang/Workspace/MultiBox_KlimaKSB/SW4STM32_Workspace - 3/MultiBox_Klimasteuerung/Application/User/Memory/MemoryStructures.h:4,
                 from C:/Users/lzhang/Workspace/MultiBox_KlimaKSB/SW4STM32_Workspace - 3/MultiBox_Klimasteuerung/Application/User/Driver/AdapterBoard/AdapterBoard_CAN.h:5,
                 from C:/Users/lzhang/Workspace/MultiBox_KlimaKSB/SW4STM32_Workspace - 3/MultiBox_Klimasteuerung/Application/User/Driver/DriverConf.h:11,
                 from ../Application/User/Firmware/Firmware_ProcessControl.h:7,
                 from ../Application/User/Firmware/Firmware_ProcessControl.c:11:
C:/Users/lzhang/Workspace/MultiBox_KlimaKSB/SW4STM32_Workspace - 3/MultiBox_Klimasteuerung/Application/User/GUI-Interface/Header/Navigationpanel.h:42:31: warning: 'aDialogCreate_Header' defined but not used [-Wunused-variable]
 static GUI_WIDGET_CREATE_INFO aDialogCreate_Header[2+HEADER_MAX_ELEMENTS] = {
                               ^
'Finished building: ../Application/User/Firmware/Firmware_ProcessControl.c'
' '
'Building target: STM32746G_DISCOVERY.elf'
'Invoking: MCU GCC Linker'
arm-none-eabi-gcc -mcpu=cortex-m7 -mthumb -mfloat-abi=hard -mfpu=fpv5-sp-d16 -L"C:\Users\lzhang\Workspace\MultiBox_KlimaKSB\STM32Cube_FW_F7_AKT\Middlewares\ST\STemWin\Lib"  -specs=nosys.specs -u _printf_float -u _scanf_float -T"../STM32F746NGHx_FLASH.ld" -Wl,-Map=output.map -Wl,--gc-sections -lm -o "STM32746G_DISCOVERY.elf" @"objects.list"  -l:STemWin532_CM7_GCC.a
'Finished building target: STM32746G_DISCOVERY.elf'
' '
make --no-print-directory post-build
'Generating binary and Printing size information:'
arm-none-eabi-objcopy -O binary "STM32746G_DISCOVERY.elf" "STM32746G_DISCOVERY.bin"
arm-none-eabi-size "STM32746G_DISCOVERY.elf"
   text	   data	    bss	    dec	    hex	filename
 477912	  10620	 258240	 746772	  b6514	STM32746G_DISCOVERY.elf
' '

17:10:47 Build Finished (took 8s.130ms)

