22:31:24 **** Build of configuration Debug for project MultiBox_Klimasteuerung ****
make all 
'Building file: ../Application/User/Project/Pages/Project_Page_Main_1.c'
'Invoking: MCU GCC Compiler'
C:\Users\lzhang\Workspace\MultiBox_KlimaKSB\SW4STM32_Workspace - 5\MultiBox_Klimasteuerung\Debug
arm-none-eabi-gcc -mcpu=cortex-m7 -mthumb -mfloat-abi=hard -mfpu=fpv5-sp-d16 -DUSE_HAL_DRIVER -DSTM32F746xx -DUSE_STM32746G_DISCOVERY -I"C:/Users/lzhang/Workspace/MultiBox_KlimaKSB/SW4STM32_Workspace - 5/MultiBox_Klimasteuerung/Application/User/Driver/AdapterBoard" -I"C:/Users/lzhang/Workspace/MultiBox_KlimaKSB/SW4STM32_Workspace - 5/MultiBox_Klimasteuerung/Application/User/Driver/Click boards" -I"C:/Users/lzhang/Workspace/MultiBox_KlimaKSB/SW4STM32_Workspace - 5/MultiBox_Klimasteuerung/Application/User/Driver/Communication" -I"C:/Users/lzhang/Workspace/MultiBox_KlimaKSB/SW4STM32_Workspace - 5/MultiBox_Klimasteuerung/Application/User/Driver/SD-Card" -I"C:/Users/lzhang/Workspace/MultiBox_KlimaKSB/SW4STM32_Workspace - 5/MultiBox_Klimasteuerung/Application/User/GUI-Interface/Dialogs" -I"C:/Users/lzhang/Workspace/MultiBox_KlimaKSB/SW4STM32_Workspace - 5/MultiBox_Klimasteuerung/Application/User/GUI-Interface/Header" -I"C:/Users/lzhang/Workspace/MultiBox_KlimaKSB/SW4STM32_Workspace - 5/MultiBox_Klimasteuerung/Application/User/GUI-Interface/Icons" -I"C:/Users/lzhang/Workspace/MultiBox_KlimaKSB/SW4STM32_Workspace - 5/MultiBox_Klimasteuerung/Application/User/GUI-Interface/Layout" -I"C:/Users/lzhang/Workspace/MultiBox_KlimaKSB/SW4STM32_Workspace - 5/MultiBox_Klimasteuerung/Application/User/GUI-Interface/Loading Screen" -I"C:/Users/lzhang/Workspace/MultiBox_KlimaKSB/SW4STM32_Workspace - 5/MultiBox_Klimasteuerung/Application/User/GUI-Interface/Menu" -I"C:/Users/lzhang/Workspace/MultiBox_KlimaKSB/SW4STM32_Workspace - 5/MultiBox_Klimasteuerung/Application/User/GUI-Interface" -I"C:/Users/lzhang/Workspace/MultiBox_KlimaKSB/SW4STM32_Workspace - 5/MultiBox_Klimasteuerung/Application/User/Main/STemWin-Conf" -I"C:/Users/lzhang/Workspace/MultiBox_KlimaKSB/SW4STM32_Workspace - 5/MultiBox_Klimasteuerung/Application/User/Main" -I"C:/Users/lzhang/Workspace/MultiBox_KlimaKSB/SW4STM32_Workspace - 5/MultiBox_Klimasteuerung/Application/User/Memory/Data" -I"C:/Users/lzhang/Workspace/MultiBox_KlimaKSB/SW4STM32_Workspace - 5/MultiBox_Klimasteuerung/Application/User/Memory/Lookup" -I"C:/Users/lzhang/Workspace/MultiBox_KlimaKSB/SW4STM32_Workspace - 5/MultiBox_Klimasteuerung/Application/User/Memory/Parameter" -I"C:/Users/lzhang/Workspace/MultiBox_KlimaKSB/SW4STM32_Workspace - 5/MultiBox_Klimasteuerung/Application/User/Memory/RingMemory" -I"C:/Users/lzhang/Workspace/MultiBox_KlimaKSB/SW4STM32_Workspace - 5/MultiBox_Klimasteuerung/Application/User/Project/Pages" -I"C:/Users/lzhang/Workspace/MultiBox_KlimaKSB/SW4STM32_Workspace - 5/MultiBox_Klimasteuerung/Application/User/Project" -I"C:/Users/lzhang/Workspace/MultiBox_KlimaKSB/SW4STM32_Workspace - 5/MultiBox_Klimasteuerung/Drivers/BSP/Components/ft5336" -I"C:/Users/lzhang/Workspace/MultiBox_KlimaKSB/SW4STM32_Workspace - 5/MultiBox_Klimasteuerung/Application/User/Memory" -I"C:/Users/lzhang/Workspace/MultiBox_KlimaKSB/SW4STM32_Workspace - 5/MultiBox_Klimasteuerung/Application/User/Driver" -I"C:/Users/lzhang/Workspace/MultiBox_KlimaKSB/SW4STM32_Workspace - 5/MultiBox_Klimasteuerung/Application/User/Driver/1Wire-Devices" -I"C:/Users/lzhang/Workspace/MultiBox_KlimaKSB/SW4STM32_Workspace - 5/MultiBox_Klimasteuerung/Application/User/Firmware" -I"C:/Users/lzhang/Workspace/MultiBox_KlimaKSB/SW4STM32_Workspace - 5/MultiBox_Klimasteuerung/Application/User/Firmware/Functions" -I"C:/Users/lzhang/Workspace/MultiBox_KlimaKSB/SW4STM32_Workspace - 5/MultiBox_Klimasteuerung/Application/User/Firmware/Pages" -I"C:/Users/lzhang/Workspace/MultiBox_KlimaKSB/SW4STM32_Workspace - 5/MultiBox_Klimasteuerung/Application/User/Driver/RTC" -I"C:/Users/lzhang/Workspace/MultiBox_KlimaKSB/STM32Cube_FW_F7_AKT/Drivers/CMSIS/Device/ST/STM32F7xx/Include" -I"C:/Users/lzhang/Workspace/MultiBox_KlimaKSB/STM32Cube_FW_F7_AKT/Drivers/CMSIS/Include" -I"C:/Users/lzhang/Workspace/MultiBox_KlimaKSB/STM32Cube_FW_F7_AKT/Drivers/STM32F7xx_HAL_Driver/Inc" -I"C:/Users/lzhang/Workspace/MultiBox_KlimaKSB/STM32Cube_FW_F7_AKT/Drivers/BSP/STM32746G-Discovery" -I"C:/Users/lzhang/Workspace/MultiBox_KlimaKSB/STM32Cube_FW_F7_AKT/Drivers/BSP/Components/Common" -I"C:/Users/lzhang/Workspace/MultiBox_KlimaKSB/STM32Cube_FW_F7_AKT/Drivers/BSP/Components" -I"C:/Users/lzhang/Workspace/MultiBox_KlimaKSB/STM32Cube_FW_F7_AKT/Middlewares/ST/STemWin/inc" -I"C:/Users/lzhang/Workspace/MultiBox_KlimaKSB/STM32Cube_FW_F7_AKT/Utilities" -I"C:/Users/lzhang/Workspace/MultiBox_KlimaKSB/STM32Cube_FW_F7_AKT/Utilities/Fonts" -I"C:/Users/lzhang/Workspace/MultiBox_KlimaKSB/STM32Cube_FW_F7_AKT/Middlewares/Third_Party/FatFs/src" -I"C:/Users/lzhang/Workspace/MultiBox_KlimaKSB/STM32Cube_FW_F7_AKT/Middlewares/Third_Party/FatFs/src/drivers"  -O0 -g3 -Wall -fmessage-length=0 -ffunction-sections -c -fmessage-length=0 -MMD -MP -MF"Application/User/Project/Pages/Project_Page_Main_1.d" -MT"Application/User/Project/Pages/Project_Page_Main_1.o" -o "Application/User/Project/Pages/Project_Page_Main_1.o" "../Application/User/Project/Pages/Project_Page_Main_1.c"
In file included from C:/Users/lzhang/Workspace/MultiBox_KlimaKSB/SW4STM32_Workspace - 5/MultiBox_Klimasteuerung/Application/User/Driver/AdapterBoard/AdapterBoard_I2C_IOs.h:5:0,
                 from C:/Users/lzhang/Workspace/MultiBox_KlimaKSB/SW4STM32_Workspace - 5/MultiBox_Klimasteuerung/Application/User/Driver/Communication/1WIRE-Driver.h:70,
                 from C:/Users/lzhang/Workspace/MultiBox_KlimaKSB/SW4STM32_Workspace - 5/MultiBox_Klimasteuerung/Application/User/Driver/DriverConf.h:6,
                 from C:/Users/lzhang/Workspace/MultiBox_KlimaKSB/SW4STM32_Workspace - 5/MultiBox_Klimasteuerung/Application/User/GUI-Interface/Dialogs/Parameters_Edit.h:21,
                 from C:/Users/lzhang/Workspace/MultiBox_KlimaKSB/SW4STM32_Workspace - 5/MultiBox_Klimasteuerung/Application/User/Memory/Parameter/Parameter.h:8,
                 from C:/Users/lzhang/Workspace/MultiBox_KlimaKSB/SW4STM32_Workspace - 5/MultiBox_Klimasteuerung/Application/User/Memory/RingMemory/RingMemory.h:8,
                 from C:/Users/lzhang/Workspace/MultiBox_KlimaKSB/SW4STM32_Workspace - 5/MultiBox_Klimasteuerung/Application/User/Memory/MemoryStructures.h:4,
                 from C:/Users/lzhang/Workspace/MultiBox_KlimaKSB/SW4STM32_Workspace - 5/MultiBox_Klimasteuerung/Application/User/GUI-Interface/GUIControl.h:15,
                 from ../Application/User/Project/Pages/Project_Page_Main_1.h:7,
                 from ../Application/User/Project/Pages/Project_Page_Main_1.c:1:
C:/Users/lzhang/Workspace/MultiBox_KlimaKSB/SW4STM32_Workspace - 5/MultiBox_Klimasteuerung/Application/User/Driver/AdapterBoard/AdapterBoard_MikrobusSocket.h:41:32: warning: 'MB_Array' defined but not used [-Wunused-variable]
 static struct MikrobusSocket * MB_Array[8] = {&MB1,&MB2,&MB3,&MB4,&MB5,&MB6,&MB7,&MB8};
                                ^
In file included from C:/Users/lzhang/Workspace/MultiBox_KlimaKSB/SW4STM32_Workspace - 5/MultiBox_Klimasteuerung/Application/User/GUI-Interface/Menu/MenuView.h:26:0,
                 from C:/Users/lzhang/Workspace/MultiBox_KlimaKSB/SW4STM32_Workspace - 5/MultiBox_Klimasteuerung/Application/User/Firmware/Firmware_MenuView_CONFIG.h:21,
                 from C:/Users/lzhang/Workspace/MultiBox_KlimaKSB/SW4STM32_Workspace - 5/MultiBox_Klimasteuerung/Application/User/GUI-Interface/Loading Screen/LoadingScreen.h:9,
                 from C:/Users/lzhang/Workspace/MultiBox_KlimaKSB/SW4STM32_Workspace - 5/MultiBox_Klimasteuerung/Application/User/Main/main.h:27,
                 from C:/Users/lzhang/Workspace/MultiBox_KlimaKSB/SW4STM32_Workspace - 5/MultiBox_Klimasteuerung/Application/User/Driver/AdapterBoard/AdapterBoard_CAN.h:7,
                 from C:/Users/lzhang/Workspace/MultiBox_KlimaKSB/SW4STM32_Workspace - 5/MultiBox_Klimasteuerung/Application/User/Driver/DriverConf.h:11,
                 from C:/Users/lzhang/Workspace/MultiBox_KlimaKSB/SW4STM32_Workspace - 5/MultiBox_Klimasteuerung/Application/User/GUI-Interface/Dialogs/Parameters_Edit.h:21,
                 from C:/Users/lzhang/Workspace/MultiBox_KlimaKSB/SW4STM32_Workspace - 5/MultiBox_Klimasteuerung/Application/User/Memory/Parameter/Parameter.h:8,
                 from C:/Users/lzhang/Workspace/MultiBox_KlimaKSB/SW4STM32_Workspace - 5/MultiBox_Klimasteuerung/Application/User/Memory/RingMemory/RingMemory.h:8,
                 from C:/Users/lzhang/Workspace/MultiBox_KlimaKSB/SW4STM32_Workspace - 5/MultiBox_Klimasteuerung/Application/User/Memory/MemoryStructures.h:4,
                 from C:/Users/lzhang/Workspace/MultiBox_KlimaKSB/SW4STM32_Workspace - 5/MultiBox_Klimasteuerung/Application/User/GUI-Interface/GUIControl.h:15,
                 from ../Application/User/Project/Pages/Project_Page_Main_1.h:7,
                 from ../Application/User/Project/Pages/Project_Page_Main_1.c:1:
C:/Users/lzhang/Workspace/MultiBox_KlimaKSB/SW4STM32_Workspace - 5/MultiBox_Klimasteuerung/Application/User/GUI-Interface/Header/Navigationpanel.h:42:31: warning: 'aDialogCreate_Header' defined but not used [-Wunused-variable]
 static GUI_WIDGET_CREATE_INFO aDialogCreate_Header[2+HEADER_MAX_ELEMENTS] = {
                               ^
'Finished building: ../Application/User/Project/Pages/Project_Page_Main_1.c'
' '
'Building file: ../Application/User/Project/Project_Processlogic.c'
'Invoking: MCU GCC Compiler'
C:\Users\lzhang\Workspace\MultiBox_KlimaKSB\SW4STM32_Workspace - 5\MultiBox_Klimasteuerung\Debug
arm-none-eabi-gcc -mcpu=cortex-m7 -mthumb -mfloat-abi=hard -mfpu=fpv5-sp-d16 -DUSE_HAL_DRIVER -DSTM32F746xx -DUSE_STM32746G_DISCOVERY -I"C:/Users/lzhang/Workspace/MultiBox_KlimaKSB/SW4STM32_Workspace - 5/MultiBox_Klimasteuerung/Application/User/Driver/AdapterBoard" -I"C:/Users/lzhang/Workspace/MultiBox_KlimaKSB/SW4STM32_Workspace - 5/MultiBox_Klimasteuerung/Application/User/Driver/Click boards" -I"C:/Users/lzhang/Workspace/MultiBox_KlimaKSB/SW4STM32_Workspace - 5/MultiBox_Klimasteuerung/Application/User/Driver/Communication" -I"C:/Users/lzhang/Workspace/MultiBox_KlimaKSB/SW4STM32_Workspace - 5/MultiBox_Klimasteuerung/Application/User/Driver/SD-Card" -I"C:/Users/lzhang/Workspace/MultiBox_KlimaKSB/SW4STM32_Workspace - 5/MultiBox_Klimasteuerung/Application/User/GUI-Interface/Dialogs" -I"C:/Users/lzhang/Workspace/MultiBox_KlimaKSB/SW4STM32_Workspace - 5/MultiBox_Klimasteuerung/Application/User/GUI-Interface/Header" -I"C:/Users/lzhang/Workspace/MultiBox_KlimaKSB/SW4STM32_Workspace - 5/MultiBox_Klimasteuerung/Application/User/GUI-Interface/Icons" -I"C:/Users/lzhang/Workspace/MultiBox_KlimaKSB/SW4STM32_Workspace - 5/MultiBox_Klimasteuerung/Application/User/GUI-Interface/Layout" -I"C:/Users/lzhang/Workspace/MultiBox_KlimaKSB/SW4STM32_Workspace - 5/MultiBox_Klimasteuerung/Application/User/GUI-Interface/Loading Screen" -I"C:/Users/lzhang/Workspace/MultiBox_KlimaKSB/SW4STM32_Workspace - 5/MultiBox_Klimasteuerung/Application/User/GUI-Interface/Menu" -I"C:/Users/lzhang/Workspace/MultiBox_KlimaKSB/SW4STM32_Workspace - 5/MultiBox_Klimasteuerung/Application/User/GUI-Interface" -I"C:/Users/lzhang/Workspace/MultiBox_KlimaKSB/SW4STM32_Workspace - 5/MultiBox_Klimasteuerung/Application/User/Main/STemWin-Conf" -I"C:/Users/lzhang/Workspace/MultiBox_KlimaKSB/SW4STM32_Workspace - 5/MultiBox_Klimasteuerung/Application/User/Main" -I"C:/Users/lzhang/Workspace/MultiBox_KlimaKSB/SW4STM32_Workspace - 5/MultiBox_Klimasteuerung/Application/User/Memory/Data" -I"C:/Users/lzhang/Workspace/MultiBox_KlimaKSB/SW4STM32_Workspace - 5/MultiBox_Klimasteuerung/Application/User/Memory/Lookup" -I"C:/Users/lzhang/Workspace/MultiBox_KlimaKSB/SW4STM32_Workspace - 5/MultiBox_Klimasteuerung/Application/User/Memory/Parameter" -I"C:/Users/lzhang/Workspace/MultiBox_KlimaKSB/SW4STM32_Workspace - 5/MultiBox_Klimasteuerung/Application/User/Memory/RingMemory" -I"C:/Users/lzhang/Workspace/MultiBox_KlimaKSB/SW4STM32_Workspace - 5/MultiBox_Klimasteuerung/Application/User/Project/Pages" -I"C:/Users/lzhang/Workspace/MultiBox_KlimaKSB/SW4STM32_Workspace - 5/MultiBox_Klimasteuerung/Application/User/Project" -I"C:/Users/lzhang/Workspace/MultiBox_KlimaKSB/SW4STM32_Workspace - 5/MultiBox_Klimasteuerung/Drivers/BSP/Components/ft5336" -I"C:/Users/lzhang/Workspace/MultiBox_KlimaKSB/SW4STM32_Workspace - 5/MultiBox_Klimasteuerung/Application/User/Memory" -I"C:/Users/lzhang/Workspace/MultiBox_KlimaKSB/SW4STM32_Workspace - 5/MultiBox_Klimasteuerung/Application/User/Driver" -I"C:/Users/lzhang/Workspace/MultiBox_KlimaKSB/SW4STM32_Workspace - 5/MultiBox_Klimasteuerung/Application/User/Driver/1Wire-Devices" -I"C:/Users/lzhang/Workspace/MultiBox_KlimaKSB/SW4STM32_Workspace - 5/MultiBox_Klimasteuerung/Application/User/Firmware" -I"C:/Users/lzhang/Workspace/MultiBox_KlimaKSB/SW4STM32_Workspace - 5/MultiBox_Klimasteuerung/Application/User/Firmware/Functions" -I"C:/Users/lzhang/Workspace/MultiBox_KlimaKSB/SW4STM32_Workspace - 5/MultiBox_Klimasteuerung/Application/User/Firmware/Pages" -I"C:/Users/lzhang/Workspace/MultiBox_KlimaKSB/SW4STM32_Workspace - 5/MultiBox_Klimasteuerung/Application/User/Driver/RTC" -I"C:/Users/lzhang/Workspace/MultiBox_KlimaKSB/STM32Cube_FW_F7_AKT/Drivers/CMSIS/Device/ST/STM32F7xx/Include" -I"C:/Users/lzhang/Workspace/MultiBox_KlimaKSB/STM32Cube_FW_F7_AKT/Drivers/CMSIS/Include" -I"C:/Users/lzhang/Workspace/MultiBox_KlimaKSB/STM32Cube_FW_F7_AKT/Drivers/STM32F7xx_HAL_Driver/Inc" -I"C:/Users/lzhang/Workspace/MultiBox_KlimaKSB/STM32Cube_FW_F7_AKT/Drivers/BSP/STM32746G-Discovery" -I"C:/Users/lzhang/Workspace/MultiBox_KlimaKSB/STM32Cube_FW_F7_AKT/Drivers/BSP/Components/Common" -I"C:/Users/lzhang/Workspace/MultiBox_KlimaKSB/STM32Cube_FW_F7_AKT/Drivers/BSP/Components" -I"C:/Users/lzhang/Workspace/MultiBox_KlimaKSB/STM32Cube_FW_F7_AKT/Middlewares/ST/STemWin/inc" -I"C:/Users/lzhang/Workspace/MultiBox_KlimaKSB/STM32Cube_FW_F7_AKT/Utilities" -I"C:/Users/lzhang/Workspace/MultiBox_KlimaKSB/STM32Cube_FW_F7_AKT/Utilities/Fonts" -I"C:/Users/lzhang/Workspace/MultiBox_KlimaKSB/STM32Cube_FW_F7_AKT/Middlewares/Third_Party/FatFs/src" -I"C:/Users/lzhang/Workspace/MultiBox_KlimaKSB/STM32Cube_FW_F7_AKT/Middlewares/Third_Party/FatFs/src/drivers"  -O0 -g3 -Wall -fmessage-length=0 -ffunction-sections -c -fmessage-length=0 -MMD -MP -MF"Application/User/Project/Project_Processlogic.d" -MT"Application/User/Project/Project_Processlogic.o" -o "Application/User/Project/Project_Processlogic.o" "../Application/User/Project/Project_Processlogic.c"
../Application/User/Project/Project_Processlogic.c: In function 'Project_ProcessLogic_CAN_Receive':
../Application/User/Project/Project_Processlogic.c:251:13: warning: unused variable 'Receive' [-Wunused-variable]
  union Data Receive;
             ^
In file included from C:/Users/lzhang/Workspace/MultiBox_KlimaKSB/SW4STM32_Workspace - 5/MultiBox_Klimasteuerung/Application/User/Driver/AdapterBoard/AdapterBoard_I2C_IOs.h:5:0,
                 from C:/Users/lzhang/Workspace/MultiBox_KlimaKSB/SW4STM32_Workspace - 5/MultiBox_Klimasteuerung/Application/User/Driver/Communication/1WIRE-Driver.h:70,
                 from C:/Users/lzhang/Workspace/MultiBox_KlimaKSB/SW4STM32_Workspace - 5/MultiBox_Klimasteuerung/Application/User/Driver/DriverConf.h:6,
                 from ../Application/User/Project/Project_Processlogic.h:3,
                 from ../Application/User/Project/Project_Processlogic.c:12:
../Application/User/Project/Project_Processlogic.c: At top level:
C:/Users/lzhang/Workspace/MultiBox_KlimaKSB/SW4STM32_Workspace - 5/MultiBox_Klimasteuerung/Application/User/Driver/AdapterBoard/AdapterBoard_MikrobusSocket.h:41:32: warning: 'MB_Array' defined but not used [-Wunused-variable]
 static struct MikrobusSocket * MB_Array[8] = {&MB1,&MB2,&MB3,&MB4,&MB5,&MB6,&MB7,&MB8};
                                ^
In file included from C:/Users/lzhang/Workspace/MultiBox_KlimaKSB/SW4STM32_Workspace - 5/MultiBox_Klimasteuerung/Application/User/GUI-Interface/Menu/MenuView.h:26:0,
                 from C:/Users/lzhang/Workspace/MultiBox_KlimaKSB/SW4STM32_Workspace - 5/MultiBox_Klimasteuerung/Application/User/GUI-Interface/GUIControl.h:18,
                 from C:/Users/lzhang/Workspace/MultiBox_KlimaKSB/SW4STM32_Workspace - 5/MultiBox_Klimasteuerung/Application/User/GUI-Interface/Dialogs/Parameters_Edit.h:9,
                 from C:/Users/lzhang/Workspace/MultiBox_KlimaKSB/SW4STM32_Workspace - 5/MultiBox_Klimasteuerung/Application/User/Memory/Parameter/Parameter.h:8,
                 from C:/Users/lzhang/Workspace/MultiBox_KlimaKSB/SW4STM32_Workspace - 5/MultiBox_Klimasteuerung/Application/User/Memory/RingMemory/RingMemory.h:8,
                 from C:/Users/lzhang/Workspace/MultiBox_KlimaKSB/SW4STM32_Workspace - 5/MultiBox_Klimasteuerung/Application/User/Memory/MemoryStructures.h:4,
                 from C:/Users/lzhang/Workspace/MultiBox_KlimaKSB/SW4STM32_Workspace - 5/MultiBox_Klimasteuerung/Application/User/Driver/AdapterBoard/AdapterBoard_CAN.h:5,
                 from C:/Users/lzhang/Workspace/MultiBox_KlimaKSB/SW4STM32_Workspace - 5/MultiBox_Klimasteuerung/Application/User/Driver/DriverConf.h:11,
                 from ../Application/User/Project/Project_Processlogic.h:3,
                 from ../Application/User/Project/Project_Processlogic.c:12:
C:/Users/lzhang/Workspace/MultiBox_KlimaKSB/SW4STM32_Workspace - 5/MultiBox_Klimasteuerung/Application/User/GUI-Interface/Header/Navigationpanel.h:42:31: warning: 'aDialogCreate_Header' defined but not used [-Wunused-variable]
 static GUI_WIDGET_CREATE_INFO aDialogCreate_Header[2+HEADER_MAX_ELEMENTS] = {
                               ^
'Finished building: ../Application/User/Project/Project_Processlogic.c'
' '
'Building file: ../Application/User/Main/PanasonicAC_Wired.c'
'Invoking: MCU GCC Compiler'
C:\Users\lzhang\Workspace\MultiBox_KlimaKSB\SW4STM32_Workspace - 5\MultiBox_Klimasteuerung\Debug
arm-none-eabi-gcc -mcpu=cortex-m7 -mthumb -mfloat-abi=hard -mfpu=fpv5-sp-d16 -DUSE_HAL_DRIVER -DSTM32F746xx -DUSE_STM32746G_DISCOVERY -I"C:/Users/lzhang/Workspace/MultiBox_KlimaKSB/SW4STM32_Workspace - 5/MultiBox_Klimasteuerung/Application/User/Driver/AdapterBoard" -I"C:/Users/lzhang/Workspace/MultiBox_KlimaKSB/SW4STM32_Workspace - 5/MultiBox_Klimasteuerung/Application/User/Driver/Click boards" -I"C:/Users/lzhang/Workspace/MultiBox_KlimaKSB/SW4STM32_Workspace - 5/MultiBox_Klimasteuerung/Application/User/Driver/Communication" -I"C:/Users/lzhang/Workspace/MultiBox_KlimaKSB/SW4STM32_Workspace - 5/MultiBox_Klimasteuerung/Application/User/Driver/SD-Card" -I"C:/Users/lzhang/Workspace/MultiBox_KlimaKSB/SW4STM32_Workspace - 5/MultiBox_Klimasteuerung/Application/User/GUI-Interface/Dialogs" -I"C:/Users/lzhang/Workspace/MultiBox_KlimaKSB/SW4STM32_Workspace - 5/MultiBox_Klimasteuerung/Application/User/GUI-Interface/Header" -I"C:/Users/lzhang/Workspace/MultiBox_KlimaKSB/SW4STM32_Workspace - 5/MultiBox_Klimasteuerung/Application/User/GUI-Interface/Icons" -I"C:/Users/lzhang/Workspace/MultiBox_KlimaKSB/SW4STM32_Workspace - 5/MultiBox_Klimasteuerung/Application/User/GUI-Interface/Layout" -I"C:/Users/lzhang/Workspace/MultiBox_KlimaKSB/SW4STM32_Workspace - 5/MultiBox_Klimasteuerung/Application/User/GUI-Interface/Loading Screen" -I"C:/Users/lzhang/Workspace/MultiBox_KlimaKSB/SW4STM32_Workspace - 5/MultiBox_Klimasteuerung/Application/User/GUI-Interface/Menu" -I"C:/Users/lzhang/Workspace/MultiBox_KlimaKSB/SW4STM32_Workspace - 5/MultiBox_Klimasteuerung/Application/User/GUI-Interface" -I"C:/Users/lzhang/Workspace/MultiBox_KlimaKSB/SW4STM32_Workspace - 5/MultiBox_Klimasteuerung/Application/User/Main/STemWin-Conf" -I"C:/Users/lzhang/Workspace/MultiBox_KlimaKSB/SW4STM32_Workspace - 5/MultiBox_Klimasteuerung/Application/User/Main" -I"C:/Users/lzhang/Workspace/MultiBox_KlimaKSB/SW4STM32_Workspace - 5/MultiBox_Klimasteuerung/Application/User/Memory/Data" -I"C:/Users/lzhang/Workspace/MultiBox_KlimaKSB/SW4STM32_Workspace - 5/MultiBox_Klimasteuerung/Application/User/Memory/Lookup" -I"C:/Users/lzhang/Workspace/MultiBox_KlimaKSB/SW4STM32_Workspace - 5/MultiBox_Klimasteuerung/Application/User/Memory/Parameter" -I"C:/Users/lzhang/Workspace/MultiBox_KlimaKSB/SW4STM32_Workspace - 5/MultiBox_Klimasteuerung/Application/User/Memory/RingMemory" -I"C:/Users/lzhang/Workspace/MultiBox_KlimaKSB/SW4STM32_Workspace - 5/MultiBox_Klimasteuerung/Application/User/Project/Pages" -I"C:/Users/lzhang/Workspace/MultiBox_KlimaKSB/SW4STM32_Workspace - 5/MultiBox_Klimasteuerung/Application/User/Project" -I"C:/Users/lzhang/Workspace/MultiBox_KlimaKSB/SW4STM32_Workspace - 5/MultiBox_Klimasteuerung/Drivers/BSP/Components/ft5336" -I"C:/Users/lzhang/Workspace/MultiBox_KlimaKSB/SW4STM32_Workspace - 5/MultiBox_Klimasteuerung/Application/User/Memory" -I"C:/Users/lzhang/Workspace/MultiBox_KlimaKSB/SW4STM32_Workspace - 5/MultiBox_Klimasteuerung/Application/User/Driver" -I"C:/Users/lzhang/Workspace/MultiBox_KlimaKSB/SW4STM32_Workspace - 5/MultiBox_Klimasteuerung/Application/User/Driver/1Wire-Devices" -I"C:/Users/lzhang/Workspace/MultiBox_KlimaKSB/SW4STM32_Workspace - 5/MultiBox_Klimasteuerung/Application/User/Firmware" -I"C:/Users/lzhang/Workspace/MultiBox_KlimaKSB/SW4STM32_Workspace - 5/MultiBox_Klimasteuerung/Application/User/Firmware/Functions" -I"C:/Users/lzhang/Workspace/MultiBox_KlimaKSB/SW4STM32_Workspace - 5/MultiBox_Klimasteuerung/Application/User/Firmware/Pages" -I"C:/Users/lzhang/Workspace/MultiBox_KlimaKSB/SW4STM32_Workspace - 5/MultiBox_Klimasteuerung/Application/User/Driver/RTC" -I"C:/Users/lzhang/Workspace/MultiBox_KlimaKSB/STM32Cube_FW_F7_AKT/Drivers/CMSIS/Device/ST/STM32F7xx/Include" -I"C:/Users/lzhang/Workspace/MultiBox_KlimaKSB/STM32Cube_FW_F7_AKT/Drivers/CMSIS/Include" -I"C:/Users/lzhang/Workspace/MultiBox_KlimaKSB/STM32Cube_FW_F7_AKT/Drivers/STM32F7xx_HAL_Driver/Inc" -I"C:/Users/lzhang/Workspace/MultiBox_KlimaKSB/STM32Cube_FW_F7_AKT/Drivers/BSP/STM32746G-Discovery" -I"C:/Users/lzhang/Workspace/MultiBox_KlimaKSB/STM32Cube_FW_F7_AKT/Drivers/BSP/Components/Common" -I"C:/Users/lzhang/Workspace/MultiBox_KlimaKSB/STM32Cube_FW_F7_AKT/Drivers/BSP/Components" -I"C:/Users/lzhang/Workspace/MultiBox_KlimaKSB/STM32Cube_FW_F7_AKT/Middlewares/ST/STemWin/inc" -I"C:/Users/lzhang/Workspace/MultiBox_KlimaKSB/STM32Cube_FW_F7_AKT/Utilities" -I"C:/Users/lzhang/Workspace/MultiBox_KlimaKSB/STM32Cube_FW_F7_AKT/Utilities/Fonts" -I"C:/Users/lzhang/Workspace/MultiBox_KlimaKSB/STM32Cube_FW_F7_AKT/Middlewares/Third_Party/FatFs/src" -I"C:/Users/lzhang/Workspace/MultiBox_KlimaKSB/STM32Cube_FW_F7_AKT/Middlewares/Third_Party/FatFs/src/drivers"  -O0 -g3 -Wall -fmessage-length=0 -ffunction-sections -c -fmessage-length=0 -MMD -MP -MF"Application/User/Main/PanasonicAC_Wired.d" -MT"Application/User/Main/PanasonicAC_Wired.o" -o "Application/User/Main/PanasonicAC_Wired.o" "../Application/User/Main/PanasonicAC_Wired.c"
In file included from C:/Users/lzhang/Workspace/MultiBox_KlimaKSB/SW4STM32_Workspace - 5/MultiBox_Klimasteuerung/Application/User/Driver/Click boards/Clickboards_Conf.h:10:0,
                 from C:/Users/lzhang/Workspace/MultiBox_KlimaKSB/SW4STM32_Workspace - 5/MultiBox_Klimasteuerung/Application/User/Driver/Click boards/EXPAND4click.h:3,
                 from ../Application/User/Main/PanasonicAC_Wired.h:10,
                 from ../Application/User/Main/PanasonicAC_Wired.c:8:
C:/Users/lzhang/Workspace/MultiBox_KlimaKSB/SW4STM32_Workspace - 5/MultiBox_Klimasteuerung/Application/User/Driver/AdapterBoard/AdapterBoard_MikrobusSocket.h:41:32: warning: 'MB_Array' defined but not used [-Wunused-variable]
 static struct MikrobusSocket * MB_Array[8] = {&MB1,&MB2,&MB3,&MB4,&MB5,&MB6,&MB7,&MB8};
                                ^
In file included from C:/Users/lzhang/Workspace/MultiBox_KlimaKSB/SW4STM32_Workspace - 5/MultiBox_Klimasteuerung/Application/User/GUI-Interface/Menu/MenuView.h:26:0,
                 from C:/Users/lzhang/Workspace/MultiBox_KlimaKSB/SW4STM32_Workspace - 5/MultiBox_Klimasteuerung/Application/User/GUI-Interface/GUIControl.h:18,
                 from C:/Users/lzhang/Workspace/MultiBox_KlimaKSB/SW4STM32_Workspace - 5/MultiBox_Klimasteuerung/Application/User/GUI-Interface/Dialogs/Parameters_Edit.h:9,
                 from C:/Users/lzhang/Workspace/MultiBox_KlimaKSB/SW4STM32_Workspace - 5/MultiBox_Klimasteuerung/Application/User/Memory/Parameter/Parameter.h:8,
                 from C:/Users/lzhang/Workspace/MultiBox_KlimaKSB/SW4STM32_Workspace - 5/MultiBox_Klimasteuerung/Application/User/Memory/RingMemory/RingMemory.h:8,
                 from C:/Users/lzhang/Workspace/MultiBox_KlimaKSB/SW4STM32_Workspace - 5/MultiBox_Klimasteuerung/Application/User/Memory/MemoryStructures.h:4,
                 from C:/Users/lzhang/Workspace/MultiBox_KlimaKSB/SW4STM32_Workspace - 5/MultiBox_Klimasteuerung/Application/User/Driver/AdapterBoard/AdapterBoard_MCUExt.h:5,
                 from C:/Users/lzhang/Workspace/MultiBox_KlimaKSB/SW4STM32_Workspace - 5/MultiBox_Klimasteuerung/Application/User/Driver/Click boards/Clickboards_Conf.h:11,
                 from C:/Users/lzhang/Workspace/MultiBox_KlimaKSB/SW4STM32_Workspace - 5/MultiBox_Klimasteuerung/Application/User/Driver/Click boards/EXPAND4click.h:3,
                 from ../Application/User/Main/PanasonicAC_Wired.h:10,
                 from ../Application/User/Main/PanasonicAC_Wired.c:8:
C:/Users/lzhang/Workspace/MultiBox_KlimaKSB/SW4STM32_Workspace - 5/MultiBox_Klimasteuerung/Application/User/GUI-Interface/Header/Navigationpanel.h:42:31: warning: 'aDialogCreate_Header' defined but not used [-Wunused-variable]
 static GUI_WIDGET_CREATE_INFO aDialogCreate_Header[2+HEADER_MAX_ELEMENTS] = {
                               ^
'Finished building: ../Application/User/Main/PanasonicAC_Wired.c'
' '
'Building file: ../Application/User/Main/temperature_control.c'
'Invoking: MCU GCC Compiler'
C:\Users\lzhang\Workspace\MultiBox_KlimaKSB\SW4STM32_Workspace - 5\MultiBox_Klimasteuerung\Debug
arm-none-eabi-gcc -mcpu=cortex-m7 -mthumb -mfloat-abi=hard -mfpu=fpv5-sp-d16 -DUSE_HAL_DRIVER -DSTM32F746xx -DUSE_STM32746G_DISCOVERY -I"C:/Users/lzhang/Workspace/MultiBox_KlimaKSB/SW4STM32_Workspace - 5/MultiBox_Klimasteuerung/Application/User/Driver/AdapterBoard" -I"C:/Users/lzhang/Workspace/MultiBox_KlimaKSB/SW4STM32_Workspace - 5/MultiBox_Klimasteuerung/Application/User/Driver/Click boards" -I"C:/Users/lzhang/Workspace/MultiBox_KlimaKSB/SW4STM32_Workspace - 5/MultiBox_Klimasteuerung/Application/User/Driver/Communication" -I"C:/Users/lzhang/Workspace/MultiBox_KlimaKSB/SW4STM32_Workspace - 5/MultiBox_Klimasteuerung/Application/User/Driver/SD-Card" -I"C:/Users/lzhang/Workspace/MultiBox_KlimaKSB/SW4STM32_Workspace - 5/MultiBox_Klimasteuerung/Application/User/GUI-Interface/Dialogs" -I"C:/Users/lzhang/Workspace/MultiBox_KlimaKSB/SW4STM32_Workspace - 5/MultiBox_Klimasteuerung/Application/User/GUI-Interface/Header" -I"C:/Users/lzhang/Workspace/MultiBox_KlimaKSB/SW4STM32_Workspace - 5/MultiBox_Klimasteuerung/Application/User/GUI-Interface/Icons" -I"C:/Users/lzhang/Workspace/MultiBox_KlimaKSB/SW4STM32_Workspace - 5/MultiBox_Klimasteuerung/Application/User/GUI-Interface/Layout" -I"C:/Users/lzhang/Workspace/MultiBox_KlimaKSB/SW4STM32_Workspace - 5/MultiBox_Klimasteuerung/Application/User/GUI-Interface/Loading Screen" -I"C:/Users/lzhang/Workspace/MultiBox_KlimaKSB/SW4STM32_Workspace - 5/MultiBox_Klimasteuerung/Application/User/GUI-Interface/Menu" -I"C:/Users/lzhang/Workspace/MultiBox_KlimaKSB/SW4STM32_Workspace - 5/MultiBox_Klimasteuerung/Application/User/GUI-Interface" -I"C:/Users/lzhang/Workspace/MultiBox_KlimaKSB/SW4STM32_Workspace - 5/MultiBox_Klimasteuerung/Application/User/Main/STemWin-Conf" -I"C:/Users/lzhang/Workspace/MultiBox_KlimaKSB/SW4STM32_Workspace - 5/MultiBox_Klimasteuerung/Application/User/Main" -I"C:/Users/lzhang/Workspace/MultiBox_KlimaKSB/SW4STM32_Workspace - 5/MultiBox_Klimasteuerung/Application/User/Memory/Data" -I"C:/Users/lzhang/Workspace/MultiBox_KlimaKSB/SW4STM32_Workspace - 5/MultiBox_Klimasteuerung/Application/User/Memory/Lookup" -I"C:/Users/lzhang/Workspace/MultiBox_KlimaKSB/SW4STM32_Workspace - 5/MultiBox_Klimasteuerung/Application/User/Memory/Parameter" -I"C:/Users/lzhang/Workspace/MultiBox_KlimaKSB/SW4STM32_Workspace - 5/MultiBox_Klimasteuerung/Application/User/Memory/RingMemory" -I"C:/Users/lzhang/Workspace/MultiBox_KlimaKSB/SW4STM32_Workspace - 5/MultiBox_Klimasteuerung/Application/User/Project/Pages" -I"C:/Users/lzhang/Workspace/MultiBox_KlimaKSB/SW4STM32_Workspace - 5/MultiBox_Klimasteuerung/Application/User/Project" -I"C:/Users/lzhang/Workspace/MultiBox_KlimaKSB/SW4STM32_Workspace - 5/MultiBox_Klimasteuerung/Drivers/BSP/Components/ft5336" -I"C:/Users/lzhang/Workspace/MultiBox_KlimaKSB/SW4STM32_Workspace - 5/MultiBox_Klimasteuerung/Application/User/Memory" -I"C:/Users/lzhang/Workspace/MultiBox_KlimaKSB/SW4STM32_Workspace - 5/MultiBox_Klimasteuerung/Application/User/Driver" -I"C:/Users/lzhang/Workspace/MultiBox_KlimaKSB/SW4STM32_Workspace - 5/MultiBox_Klimasteuerung/Application/User/Driver/1Wire-Devices" -I"C:/Users/lzhang/Workspace/MultiBox_KlimaKSB/SW4STM32_Workspace - 5/MultiBox_Klimasteuerung/Application/User/Firmware" -I"C:/Users/lzhang/Workspace/MultiBox_KlimaKSB/SW4STM32_Workspace - 5/MultiBox_Klimasteuerung/Application/User/Firmware/Functions" -I"C:/Users/lzhang/Workspace/MultiBox_KlimaKSB/SW4STM32_Workspace - 5/MultiBox_Klimasteuerung/Application/User/Firmware/Pages" -I"C:/Users/lzhang/Workspace/MultiBox_KlimaKSB/SW4STM32_Workspace - 5/MultiBox_Klimasteuerung/Application/User/Driver/RTC" -I"C:/Users/lzhang/Workspace/MultiBox_KlimaKSB/STM32Cube_FW_F7_AKT/Drivers/CMSIS/Device/ST/STM32F7xx/Include" -I"C:/Users/lzhang/Workspace/MultiBox_KlimaKSB/STM32Cube_FW_F7_AKT/Drivers/CMSIS/Include" -I"C:/Users/lzhang/Workspace/MultiBox_KlimaKSB/STM32Cube_FW_F7_AKT/Drivers/STM32F7xx_HAL_Driver/Inc" -I"C:/Users/lzhang/Workspace/MultiBox_KlimaKSB/STM32Cube_FW_F7_AKT/Drivers/BSP/STM32746G-Discovery" -I"C:/Users/lzhang/Workspace/MultiBox_KlimaKSB/STM32Cube_FW_F7_AKT/Drivers/BSP/Components/Common" -I"C:/Users/lzhang/Workspace/MultiBox_KlimaKSB/STM32Cube_FW_F7_AKT/Drivers/BSP/Components" -I"C:/Users/lzhang/Workspace/MultiBox_KlimaKSB/STM32Cube_FW_F7_AKT/Middlewares/ST/STemWin/inc" -I"C:/Users/lzhang/Workspace/MultiBox_KlimaKSB/STM32Cube_FW_F7_AKT/Utilities" -I"C:/Users/lzhang/Workspace/MultiBox_KlimaKSB/STM32Cube_FW_F7_AKT/Utilities/Fonts" -I"C:/Users/lzhang/Workspace/MultiBox_KlimaKSB/STM32Cube_FW_F7_AKT/Middlewares/Third_Party/FatFs/src" -I"C:/Users/lzhang/Workspace/MultiBox_KlimaKSB/STM32Cube_FW_F7_AKT/Middlewares/Third_Party/FatFs/src/drivers"  -O0 -g3 -Wall -fmessage-length=0 -ffunction-sections -c -fmessage-length=0 -MMD -MP -MF"Application/User/Main/temperature_control.d" -MT"Application/User/Main/temperature_control.o" -o "Application/User/Main/temperature_control.o" "../Application/User/Main/temperature_control.c"
In file included from ../Application/User/Main/temperature_control.c:16:0:
C:/Users/lzhang/Workspace/MultiBox_KlimaKSB/SW4STM32_Workspace - 5/MultiBox_Klimasteuerung/Application/User/Driver/Click boards/DMXclickBoard.h:38:29: warning: 'struct clickBoard' declared inside parameter list
 void DMXclick_Select(struct clickBoard * Board);
                             ^
C:/Users/lzhang/Workspace/MultiBox_KlimaKSB/SW4STM32_Workspace - 5/MultiBox_Klimasteuerung/Application/User/Driver/Click boards/DMXclickBoard.h:38:29: warning: its scope is only this definition or declaration, which is probably not what you want
In file included from C:/Users/lzhang/Workspace/MultiBox_KlimaKSB/SW4STM32_Workspace - 5/MultiBox_Klimasteuerung/Application/User/Driver/Click boards/Clickboards_Conf.h:10:0,
                 from C:/Users/lzhang/Workspace/MultiBox_KlimaKSB/SW4STM32_Workspace - 5/MultiBox_Klimasteuerung/Application/User/Driver/Click boards/EXPAND4click.h:3,
                 from ../Application/User/Main/PanasonicAC_Wired.h:10,
                 from ../Application/User/Main/temperature_control.c:17:
C:/Users/lzhang/Workspace/MultiBox_KlimaKSB/SW4STM32_Workspace - 5/MultiBox_Klimasteuerung/Application/User/Driver/AdapterBoard/AdapterBoard_MikrobusSocket.h:41:32: warning: 'MB_Array' defined but not used [-Wunused-variable]
 static struct MikrobusSocket * MB_Array[8] = {&MB1,&MB2,&MB3,&MB4,&MB5,&MB6,&MB7,&MB8};
                                ^
In file included from C:/Users/lzhang/Workspace/MultiBox_KlimaKSB/SW4STM32_Workspace - 5/MultiBox_Klimasteuerung/Application/User/GUI-Interface/Menu/MenuView.h:26:0,
                 from C:/Users/lzhang/Workspace/MultiBox_KlimaKSB/SW4STM32_Workspace - 5/MultiBox_Klimasteuerung/Application/User/GUI-Interface/GUIControl.h:18,
                 from C:/Users/lzhang/Workspace/MultiBox_KlimaKSB/SW4STM32_Workspace - 5/MultiBox_Klimasteuerung/Application/User/GUI-Interface/Dialogs/Parameters_Edit.h:9,
                 from C:/Users/lzhang/Workspace/MultiBox_KlimaKSB/SW4STM32_Workspace - 5/MultiBox_Klimasteuerung/Application/User/Memory/Parameter/Parameter.h:8,
                 from C:/Users/lzhang/Workspace/MultiBox_KlimaKSB/SW4STM32_Workspace - 5/MultiBox_Klimasteuerung/Application/User/Memory/RingMemory/RingMemory.h:8,
                 from C:/Users/lzhang/Workspace/MultiBox_KlimaKSB/SW4STM32_Workspace - 5/MultiBox_Klimasteuerung/Application/User/Memory/MemoryStructures.h:4,
                 from C:/Users/lzhang/Workspace/MultiBox_KlimaKSB/SW4STM32_Workspace - 5/MultiBox_Klimasteuerung/Application/User/Driver/AdapterBoard/AdapterBoard_MCUExt.h:5,
                 from C:/Users/lzhang/Workspace/MultiBox_KlimaKSB/SW4STM32_Workspace - 5/MultiBox_Klimasteuerung/Application/User/Driver/Click boards/Clickboards_Conf.h:11,
                 from C:/Users/lzhang/Workspace/MultiBox_KlimaKSB/SW4STM32_Workspace - 5/MultiBox_Klimasteuerung/Application/User/Driver/Click boards/EXPAND4click.h:3,
                 from ../Application/User/Main/PanasonicAC_Wired.h:10,
                 from ../Application/User/Main/temperature_control.c:17:
C:/Users/lzhang/Workspace/MultiBox_KlimaKSB/SW4STM32_Workspace - 5/MultiBox_Klimasteuerung/Application/User/GUI-Interface/Header/Navigationpanel.h:42:31: warning: 'aDialogCreate_Header' defined but not used [-Wunused-variable]
 static GUI_WIDGET_CREATE_INFO aDialogCreate_Header[2+HEADER_MAX_ELEMENTS] = {
                               ^
'Finished building: ../Application/User/Main/temperature_control.c'
' '
'Building file: ../Application/User/Main/time_switch.c'
'Invoking: MCU GCC Compiler'
C:\Users\lzhang\Workspace\MultiBox_KlimaKSB\SW4STM32_Workspace - 5\MultiBox_Klimasteuerung\Debug
arm-none-eabi-gcc -mcpu=cortex-m7 -mthumb -mfloat-abi=hard -mfpu=fpv5-sp-d16 -DUSE_HAL_DRIVER -DSTM32F746xx -DUSE_STM32746G_DISCOVERY -I"C:/Users/lzhang/Workspace/MultiBox_KlimaKSB/SW4STM32_Workspace - 5/MultiBox_Klimasteuerung/Application/User/Driver/AdapterBoard" -I"C:/Users/lzhang/Workspace/MultiBox_KlimaKSB/SW4STM32_Workspace - 5/MultiBox_Klimasteuerung/Application/User/Driver/Click boards" -I"C:/Users/lzhang/Workspace/MultiBox_KlimaKSB/SW4STM32_Workspace - 5/MultiBox_Klimasteuerung/Application/User/Driver/Communication" -I"C:/Users/lzhang/Workspace/MultiBox_KlimaKSB/SW4STM32_Workspace - 5/MultiBox_Klimasteuerung/Application/User/Driver/SD-Card" -I"C:/Users/lzhang/Workspace/MultiBox_KlimaKSB/SW4STM32_Workspace - 5/MultiBox_Klimasteuerung/Application/User/GUI-Interface/Dialogs" -I"C:/Users/lzhang/Workspace/MultiBox_KlimaKSB/SW4STM32_Workspace - 5/MultiBox_Klimasteuerung/Application/User/GUI-Interface/Header" -I"C:/Users/lzhang/Workspace/MultiBox_KlimaKSB/SW4STM32_Workspace - 5/MultiBox_Klimasteuerung/Application/User/GUI-Interface/Icons" -I"C:/Users/lzhang/Workspace/MultiBox_KlimaKSB/SW4STM32_Workspace - 5/MultiBox_Klimasteuerung/Application/User/GUI-Interface/Layout" -I"C:/Users/lzhang/Workspace/MultiBox_KlimaKSB/SW4STM32_Workspace - 5/MultiBox_Klimasteuerung/Application/User/GUI-Interface/Loading Screen" -I"C:/Users/lzhang/Workspace/MultiBox_KlimaKSB/SW4STM32_Workspace - 5/MultiBox_Klimasteuerung/Application/User/GUI-Interface/Menu" -I"C:/Users/lzhang/Workspace/MultiBox_KlimaKSB/SW4STM32_Workspace - 5/MultiBox_Klimasteuerung/Application/User/GUI-Interface" -I"C:/Users/lzhang/Workspace/MultiBox_KlimaKSB/SW4STM32_Workspace - 5/MultiBox_Klimasteuerung/Application/User/Main/STemWin-Conf" -I"C:/Users/lzhang/Workspace/MultiBox_KlimaKSB/SW4STM32_Workspace - 5/MultiBox_Klimasteuerung/Application/User/Main" -I"C:/Users/lzhang/Workspace/MultiBox_KlimaKSB/SW4STM32_Workspace - 5/MultiBox_Klimasteuerung/Application/User/Memory/Data" -I"C:/Users/lzhang/Workspace/MultiBox_KlimaKSB/SW4STM32_Workspace - 5/MultiBox_Klimasteuerung/Application/User/Memory/Lookup" -I"C:/Users/lzhang/Workspace/MultiBox_KlimaKSB/SW4STM32_Workspace - 5/MultiBox_Klimasteuerung/Application/User/Memory/Parameter" -I"C:/Users/lzhang/Workspace/MultiBox_KlimaKSB/SW4STM32_Workspace - 5/MultiBox_Klimasteuerung/Application/User/Memory/RingMemory" -I"C:/Users/lzhang/Workspace/MultiBox_KlimaKSB/SW4STM32_Workspace - 5/MultiBox_Klimasteuerung/Application/User/Project/Pages" -I"C:/Users/lzhang/Workspace/MultiBox_KlimaKSB/SW4STM32_Workspace - 5/MultiBox_Klimasteuerung/Application/User/Project" -I"C:/Users/lzhang/Workspace/MultiBox_KlimaKSB/SW4STM32_Workspace - 5/MultiBox_Klimasteuerung/Drivers/BSP/Components/ft5336" -I"C:/Users/lzhang/Workspace/MultiBox_KlimaKSB/SW4STM32_Workspace - 5/MultiBox_Klimasteuerung/Application/User/Memory" -I"C:/Users/lzhang/Workspace/MultiBox_KlimaKSB/SW4STM32_Workspace - 5/MultiBox_Klimasteuerung/Application/User/Driver" -I"C:/Users/lzhang/Workspace/MultiBox_KlimaKSB/SW4STM32_Workspace - 5/MultiBox_Klimasteuerung/Application/User/Driver/1Wire-Devices" -I"C:/Users/lzhang/Workspace/MultiBox_KlimaKSB/SW4STM32_Workspace - 5/MultiBox_Klimasteuerung/Application/User/Firmware" -I"C:/Users/lzhang/Workspace/MultiBox_KlimaKSB/SW4STM32_Workspace - 5/MultiBox_Klimasteuerung/Application/User/Firmware/Functions" -I"C:/Users/lzhang/Workspace/MultiBox_KlimaKSB/SW4STM32_Workspace - 5/MultiBox_Klimasteuerung/Application/User/Firmware/Pages" -I"C:/Users/lzhang/Workspace/MultiBox_KlimaKSB/SW4STM32_Workspace - 5/MultiBox_Klimasteuerung/Application/User/Driver/RTC" -I"C:/Users/lzhang/Workspace/MultiBox_KlimaKSB/STM32Cube_FW_F7_AKT/Drivers/CMSIS/Device/ST/STM32F7xx/Include" -I"C:/Users/lzhang/Workspace/MultiBox_KlimaKSB/STM32Cube_FW_F7_AKT/Drivers/CMSIS/Include" -I"C:/Users/lzhang/Workspace/MultiBox_KlimaKSB/STM32Cube_FW_F7_AKT/Drivers/STM32F7xx_HAL_Driver/Inc" -I"C:/Users/lzhang/Workspace/MultiBox_KlimaKSB/STM32Cube_FW_F7_AKT/Drivers/BSP/STM32746G-Discovery" -I"C:/Users/lzhang/Workspace/MultiBox_KlimaKSB/STM32Cube_FW_F7_AKT/Drivers/BSP/Components/Common" -I"C:/Users/lzhang/Workspace/MultiBox_KlimaKSB/STM32Cube_FW_F7_AKT/Drivers/BSP/Components" -I"C:/Users/lzhang/Workspace/MultiBox_KlimaKSB/STM32Cube_FW_F7_AKT/Middlewares/ST/STemWin/inc" -I"C:/Users/lzhang/Workspace/MultiBox_KlimaKSB/STM32Cube_FW_F7_AKT/Utilities" -I"C:/Users/lzhang/Workspace/MultiBox_KlimaKSB/STM32Cube_FW_F7_AKT/Utilities/Fonts" -I"C:/Users/lzhang/Workspace/MultiBox_KlimaKSB/STM32Cube_FW_F7_AKT/Middlewares/Third_Party/FatFs/src" -I"C:/Users/lzhang/Workspace/MultiBox_KlimaKSB/STM32Cube_FW_F7_AKT/Middlewares/Third_Party/FatFs/src/drivers"  -O0 -g3 -Wall -fmessage-length=0 -ffunction-sections -c -fmessage-length=0 -MMD -MP -MF"Application/User/Main/time_switch.d" -MT"Application/User/Main/time_switch.o" -o "Application/User/Main/time_switch.o" "../Application/User/Main/time_switch.c"
In file included from C:/Users/lzhang/Workspace/MultiBox_KlimaKSB/SW4STM32_Workspace - 5/MultiBox_Klimasteuerung/Application/User/Driver/Click boards/Clickboards_Conf.h:10:0,
                 from C:/Users/lzhang/Workspace/MultiBox_KlimaKSB/SW4STM32_Workspace - 5/MultiBox_Klimasteuerung/Application/User/Driver/Click boards/RTC3click.h:13,
                 from ../Application/User/Main/time_switch.h:22,
                 from ../Application/User/Main/time_switch.c:12:
C:/Users/lzhang/Workspace/MultiBox_KlimaKSB/SW4STM32_Workspace - 5/MultiBox_Klimasteuerung/Application/User/Driver/AdapterBoard/AdapterBoard_MikrobusSocket.h:41:32: warning: 'MB_Array' defined but not used [-Wunused-variable]
 static struct MikrobusSocket * MB_Array[8] = {&MB1,&MB2,&MB3,&MB4,&MB5,&MB6,&MB7,&MB8};
                                ^
In file included from C:/Users/lzhang/Workspace/MultiBox_KlimaKSB/SW4STM32_Workspace - 5/MultiBox_Klimasteuerung/Application/User/GUI-Interface/Menu/MenuView.h:26:0,
                 from C:/Users/lzhang/Workspace/MultiBox_KlimaKSB/SW4STM32_Workspace - 5/MultiBox_Klimasteuerung/Application/User/GUI-Interface/GUIControl.h:18,
                 from C:/Users/lzhang/Workspace/MultiBox_KlimaKSB/SW4STM32_Workspace - 5/MultiBox_Klimasteuerung/Application/User/GUI-Interface/Dialogs/Parameters_Edit.h:9,
                 from C:/Users/lzhang/Workspace/MultiBox_KlimaKSB/SW4STM32_Workspace - 5/MultiBox_Klimasteuerung/Application/User/Memory/Parameter/Parameter.h:8,
                 from C:/Users/lzhang/Workspace/MultiBox_KlimaKSB/SW4STM32_Workspace - 5/MultiBox_Klimasteuerung/Application/User/Memory/RingMemory/RingMemory.h:8,
                 from C:/Users/lzhang/Workspace/MultiBox_KlimaKSB/SW4STM32_Workspace - 5/MultiBox_Klimasteuerung/Application/User/Memory/MemoryStructures.h:4,
                 from C:/Users/lzhang/Workspace/MultiBox_KlimaKSB/SW4STM32_Workspace - 5/MultiBox_Klimasteuerung/Application/User/Driver/AdapterBoard/AdapterBoard_MCUExt.h:5,
                 from C:/Users/lzhang/Workspace/MultiBox_KlimaKSB/SW4STM32_Workspace - 5/MultiBox_Klimasteuerung/Application/User/Driver/Click boards/Clickboards_Conf.h:11,
                 from C:/Users/lzhang/Workspace/MultiBox_KlimaKSB/SW4STM32_Workspace - 5/MultiBox_Klimasteuerung/Application/User/Driver/Click boards/RTC3click.h:13,
                 from ../Application/User/Main/time_switch.h:22,
                 from ../Application/User/Main/time_switch.c:12:
C:/Users/lzhang/Workspace/MultiBox_KlimaKSB/SW4STM32_Workspace - 5/MultiBox_Klimasteuerung/Application/User/GUI-Interface/Header/Navigationpanel.h:42:31: warning: 'aDialogCreate_Header' defined but not used [-Wunused-variable]
 static GUI_WIDGET_CREATE_INFO aDialogCreate_Header[2+HEADER_MAX_ELEMENTS] = {
                               ^
'Finished building: ../Application/User/Main/time_switch.c'
' '
'Building target: STM32746G_DISCOVERY.elf'
'Invoking: MCU GCC Linker'
arm-none-eabi-gcc -mcpu=cortex-m7 -mthumb -mfloat-abi=hard -mfpu=fpv5-sp-d16 -L"C:\Users\lzhang\Workspace\MultiBox_KlimaKSB\STM32Cube_FW_F7_AKT\Middlewares\ST\STemWin\Lib"  -specs=nosys.specs -u _printf_float -u _scanf_float -T"../STM32F746NGHx_FLASH.ld" -Wl,-Map=output.map -Wl,--gc-sections -lm -o "STM32746G_DISCOVERY.elf" @"objects.list"  -l:STemWin532_CM7_GCC.a
'Finished building target: STM32746G_DISCOVERY.elf'
' '
make --no-print-directory post-build
'Generating binary and Printing size information:'
arm-none-eabi-objcopy -O binary "STM32746G_DISCOVERY.elf" "STM32746G_DISCOVERY.bin"
arm-none-eabi-size "STM32746G_DISCOVERY.elf"
   text	   data	    bss	    dec	    hex	filename
 479640	  10852	 258240	 748732	  b6cbc	STM32746G_DISCOVERY.elf
' '

22:31:40 Build Finished (took 15s.664ms)

