11:03:04 **** Incremental Build of configuration Debug for project MultiBox_Klimasteuerung ****
make all 
'Building file: ../Application/User/Main/wired_remote_control.c'
'Invoking: MCU GCC Compiler'
C:\Users\lzhang\Workspace\MultiBox_KlimaKSB\SW4STM32_Workspace\MultiBox_Klimasteuerung\Debug
arm-none-eabi-gcc -mcpu=cortex-m7 -mthumb -mfloat-abi=hard -mfpu=fpv5-sp-d16 -DUSE_HAL_DRIVER -DSTM32F746xx -DUSE_STM32746G_DISCOVERY -I"C:/Users/lzhang/Workspace/MultiBox_KlimaKSB/SW4STM32_Workspace/MultiBox_Klimasteuerung/Application/User/Driver/AdapterBoard" -I"C:/Users/lzhang/Workspace/MultiBox_KlimaKSB/SW4STM32_Workspace/MultiBox_Klimasteuerung/Application/User/Driver/Click boards" -I"C:/Users/lzhang/Workspace/MultiBox_KlimaKSB/SW4STM32_Workspace/MultiBox_Klimasteuerung/Application/User/Driver/Communication" -I"C:/Users/lzhang/Workspace/MultiBox_KlimaKSB/SW4STM32_Workspace/MultiBox_Klimasteuerung/Application/User/Driver/SD-Card" -I"C:/Users/lzhang/Workspace/MultiBox_KlimaKSB/SW4STM32_Workspace/MultiBox_Klimasteuerung/Application/User/GUI-Interface/Dialogs" -I"C:/Users/lzhang/Workspace/MultiBox_KlimaKSB/SW4STM32_Workspace/MultiBox_Klimasteuerung/Application/User/GUI-Interface/Header" -I"C:/Users/lzhang/Workspace/MultiBox_KlimaKSB/SW4STM32_Workspace/MultiBox_Klimasteuerung/Application/User/GUI-Interface/Icons" -I"C:/Users/lzhang/Workspace/MultiBox_KlimaKSB/SW4STM32_Workspace/MultiBox_Klimasteuerung/Application/User/GUI-Interface/Layout" -I"C:/Users/lzhang/Workspace/MultiBox_KlimaKSB/SW4STM32_Workspace/MultiBox_Klimasteuerung/Application/User/GUI-Interface/Loading Screen" -I"C:/Users/lzhang/Workspace/MultiBox_KlimaKSB/SW4STM32_Workspace/MultiBox_Klimasteuerung/Application/User/GUI-Interface/Menu" -I"C:/Users/lzhang/Workspace/MultiBox_KlimaKSB/SW4STM32_Workspace/MultiBox_Klimasteuerung/Application/User/GUI-Interface" -I"C:/Users/lzhang/Workspace/MultiBox_KlimaKSB/SW4STM32_Workspace/MultiBox_Klimasteuerung/Application/User/Main/STemWin-Conf" -I"C:/Users/lzhang/Workspace/MultiBox_KlimaKSB/SW4STM32_Workspace/MultiBox_Klimasteuerung/Application/User/Main" -I"C:/Users/lzhang/Workspace/MultiBox_KlimaKSB/SW4STM32_Workspace/MultiBox_Klimasteuerung/Application/User/Memory/Data" -I"C:/Users/lzhang/Workspace/MultiBox_KlimaKSB/SW4STM32_Workspace/MultiBox_Klimasteuerung/Application/User/Memory/Lookup" -I"C:/Users/lzhang/Workspace/MultiBox_KlimaKSB/SW4STM32_Workspace/MultiBox_Klimasteuerung/Application/User/Memory/Parameter" -I"C:/Users/lzhang/Workspace/MultiBox_KlimaKSB/SW4STM32_Workspace/MultiBox_Klimasteuerung/Application/User/Memory/RingMemory" -I"C:/Users/lzhang/Workspace/MultiBox_KlimaKSB/SW4STM32_Workspace/MultiBox_Klimasteuerung/Application/User/Project/Pages" -I"C:/Users/lzhang/Workspace/MultiBox_KlimaKSB/SW4STM32_Workspace/MultiBox_Klimasteuerung/Application/User/Project" -I"C:/Users/lzhang/Workspace/MultiBox_KlimaKSB/SW4STM32_Workspace/MultiBox_Klimasteuerung/Drivers/BSP/Components/ft5336" -I"C:/Users/lzhang/Workspace/MultiBox_KlimaKSB/SW4STM32_Workspace/MultiBox_Klimasteuerung/Application/User/Memory" -I"C:/Users/lzhang/Workspace/MultiBox_KlimaKSB/SW4STM32_Workspace/MultiBox_Klimasteuerung/Application/User/Driver" -I"C:/Users/lzhang/Workspace/MultiBox_KlimaKSB/SW4STM32_Workspace/MultiBox_Klimasteuerung/Application/User/Driver/1Wire-Devices" -I"C:/Users/lzhang/Workspace/MultiBox_KlimaKSB/SW4STM32_Workspace/MultiBox_Klimasteuerung/Application/User/Firmware" -I"C:/Users/lzhang/Workspace/MultiBox_KlimaKSB/SW4STM32_Workspace/MultiBox_Klimasteuerung/Application/User/Firmware/Functions" -I"C:/Users/lzhang/Workspace/MultiBox_KlimaKSB/SW4STM32_Workspace/MultiBox_Klimasteuerung/Application/User/Firmware/Pages" -I"C:/Users/lzhang/Workspace/MultiBox_KlimaKSB/SW4STM32_Workspace/MultiBox_Klimasteuerung/Application/User/Driver/RTC" -I"C:/Users/lzhang/Workspace/MultiBox_KlimaKSB/STM32Cube_FW_F7_AKT/Drivers/CMSIS/Device/ST/STM32F7xx/Include" -I"C:/Users/lzhang/Workspace/MultiBox_KlimaKSB/STM32Cube_FW_F7_AKT/Drivers/CMSIS/Include" -I"C:/Users/lzhang/Workspace/MultiBox_KlimaKSB/STM32Cube_FW_F7_AKT/Drivers/STM32F7xx_HAL_Driver/Inc" -I"C:/Users/lzhang/Workspace/MultiBox_KlimaKSB/STM32Cube_FW_F7_AKT/Drivers/BSP/STM32746G-Discovery" -I"C:/Users/lzhang/Workspace/MultiBox_KlimaKSB/STM32Cube_FW_F7_AKT/Drivers/BSP/Components/Common" -I"C:/Users/lzhang/Workspace/MultiBox_KlimaKSB/STM32Cube_FW_F7_AKT/Drivers/BSP/Components" -I"C:/Users/lzhang/Workspace/MultiBox_KlimaKSB/STM32Cube_FW_F7_AKT/Middlewares/ST/STemWin/inc" -I"C:/Users/lzhang/Workspace/MultiBox_KlimaKSB/STM32Cube_FW_F7_AKT/Utilities" -I"C:/Users/lzhang/Workspace/MultiBox_KlimaKSB/STM32Cube_FW_F7_AKT/Utilities/Fonts" -I"C:/Users/lzhang/Workspace/MultiBox_KlimaKSB/STM32Cube_FW_F7_AKT/Middlewares/Third_Party/FatFs/src" -I"C:/Users/lzhang/Workspace/MultiBox_KlimaKSB/STM32Cube_FW_F7_AKT/Middlewares/Third_Party/FatFs/src/drivers"  -O0 -g3 -Wall -fmessage-length=0 -ffunction-sections -c -fmessage-length=0 -MMD -MP -MF"Application/User/Main/wired_remote_control.d" -MT"Application/User/Main/wired_remote_control.o" -o "Application/User/Main/wired_remote_control.o" "../Application/User/Main/wired_remote_control.c"
../Application/User/Main/wired_remote_control.c: In function 'wired_control_ConvertPulsesToBits':
../Application/User/Main/wired_remote_control.c:334:31: warning: implicit declaration of function 'IRclick_GetRXMessagePulseBuffer' [-Wimplicit-function-declaration]
  uint16_t *pRX_Pulse_Buffer = IRclick_GetRXMessagePulseBuffer();
                               ^
../Application/User/Main/wired_remote_control.c:334:31: warning: initialization makes pointer from integer without a cast [-Wint-conversion]
../Application/User/Main/wired_remote_control.c: In function 'wired_control_NewRXMessageAvailable':
../Application/User/Main/wired_remote_control.c:355:9: warning: implicit declaration of function 'IRclick_IsMessageReady' [-Wimplicit-function-declaration]
  return IRclick_IsMessageReady();
         ^
'Finished building: ../Application/User/Main/wired_remote_control.c'
' '
'Building target: STM32746G_DISCOVERY.elf'
'Invoking: MCU GCC Linker'
arm-none-eabi-gcc -mcpu=cortex-m7 -mthumb -mfloat-abi=hard -mfpu=fpv5-sp-d16 -L"C:\Users\lzhang\Workspace\MultiBox_KlimaKSB\STM32Cube_FW_F7_AKT\Middlewares\ST\STemWin\Lib"  -specs=nosys.specs -u _printf_float -u _scanf_float -T"../STM32F746NGHx_FLASH.ld" -Wl,-Map=output.map -Wl,--gc-sections -lm -o "STM32746G_DISCOVERY.elf" @"objects.list"  -l:STemWin532_CM7_GCC.a
'Finished building target: STM32746G_DISCOVERY.elf'
' '
make --no-print-directory post-build
'Generating binary and Printing size information:'
arm-none-eabi-objcopy -O binary "STM32746G_DISCOVERY.elf" "STM32746G_DISCOVERY.bin"
arm-none-eabi-size "STM32746G_DISCOVERY.elf"
   text	   data	    bss	    dec	    hex	filename
 479488	  10628	 259160	 749276	  b6edc	STM32746G_DISCOVERY.elf
' '

11:03:08 Build Finished (took 4s.964ms)

